Component: ARM Compiler 5.06 update 7 (build 960) Tool: armlink [4d3601]

==============================================================================

Section Cross References

    startup_stm32f401xc.o(STACK) refers (Special) to heapauxi.o(.text) for __use_two_region_memory
    startup_stm32f401xc.o(HEAP) refers (Special) to heapauxi.o(.text) for __use_two_region_memory
    startup_stm32f401xc.o(RESET) refers (Special) to heapauxi.o(.text) for __use_two_region_memory
    startup_stm32f401xc.o(RESET) refers to startup_stm32f401xc.o(STACK) for __initial_sp
    startup_stm32f401xc.o(RESET) refers to startup_stm32f401xc.o(.text) for Reset_Handler
    startup_stm32f401xc.o(RESET) refers to stm32f4xx_it.o(i.NMI_Handler) for NMI_Handler
    startup_stm32f401xc.o(RESET) refers to stm32f4xx_it.o(i.HardFault_Handler) for HardFault_Handler
    startup_stm32f401xc.o(RESET) refers to stm32f4xx_it.o(i.MemManage_Handler) for MemManage_Handler
    startup_stm32f401xc.o(RESET) refers to stm32f4xx_it.o(i.BusFault_Handler) for BusFault_Handler
    startup_stm32f401xc.o(RESET) refers to stm32f4xx_it.o(i.UsageFault_Handler) for UsageFault_Handler
    startup_stm32f401xc.o(RESET) refers to stm32f4xx_it.o(i.SVC_Handler) for SVC_Handler
    startup_stm32f401xc.o(RESET) refers to stm32f4xx_it.o(i.DebugMon_Handler) for DebugMon_Handler
    startup_stm32f401xc.o(RESET) refers to stm32f4xx_it.o(i.PendSV_Handler) for PendSV_Handler
    startup_stm32f401xc.o(RESET) refers to stm32f4xx_it.o(i.SysTick_Handler) for SysTick_Handler
    startup_stm32f401xc.o(RESET) refers to stm32f4xx_it.o(i.USART2_IRQHandler) for USART2_IRQHandler
    startup_stm32f401xc.o(.text) refers (Special) to heapauxi.o(.text) for __use_two_region_memory
    startup_stm32f401xc.o(.text) refers to system_stm32f4xx.o(i.SystemInit) for SystemInit
    startup_stm32f401xc.o(.text) refers to __main.o(!!!main) for __main
    startup_stm32f401xc.o(.text) refers to startup_stm32f401xc.o(HEAP) for Heap_Mem
    startup_stm32f401xc.o(.text) refers to startup_stm32f401xc.o(STACK) for Stack_Mem
    main.o(i.SystemClock_Config) refers to rt_memclr_w.o(.text) for __aeabi_memclr4
    main.o(i.SystemClock_Config) refers to stm32f4xx_hal_rcc.o(i.HAL_RCC_OscConfig) for HAL_RCC_OscConfig
    main.o(i.SystemClock_Config) refers to stm32f4xx_hal_rcc.o(i.HAL_RCC_ClockConfig) for HAL_RCC_ClockConfig
    main.o(i.main) refers to stm32f4xx_hal.o(i.HAL_Init) for HAL_Init
    main.o(i.main) refers to main.o(i.SystemClock_Config) for SystemClock_Config
    main.o(i.main) refers to gpio.o(i.MX_GPIO_Init) for MX_GPIO_Init
    main.o(i.main) refers to usart.o(i.MX_USART2_UART_Init) for MX_USART2_UART_Init
    main.o(i.main) refers to usart.o(i.uart_banner) for uart_banner
    main.o(i.main) refers to stm32f4xx_hal.o(i.HAL_GetTick) for HAL_GetTick
    main.o(i.main) refers to stm32f4xx_hal_gpio.o(i.HAL_GPIO_TogglePin) for HAL_GPIO_TogglePin
    main.o(i.main) refers to usart.o(i.uart_poll) for uart_poll
    main.o(i.main) refers to main.o(.data) for .data
    gpio.o(i.MX_GPIO_Init) refers to rt_memclr_w.o(.text) for __aeabi_memclr4
    gpio.o(i.MX_GPIO_Init) refers to stm32f4xx_hal_gpio.o(i.HAL_GPIO_WritePin) for HAL_GPIO_WritePin
    gpio.o(i.MX_GPIO_Init) refers to stm32f4xx_hal_gpio.o(i.HAL_GPIO_Init) for HAL_GPIO_Init
    stm32f4xx_it.o(i.SysTick_Handler) refers to stm32f4xx_hal.o(i.HAL_IncTick) for HAL_IncTick
    stm32f4xx_it.o(i.USART2_IRQHandler) refers to stm32f4xx_hal_uart.o(i.HAL_UART_IRQHandler) for HAL_UART_IRQHandler
    stm32f4xx_it.o(i.USART2_IRQHandler) refers to usart.o(.bss) for huart2
    usart.o(i.HAL_UART_MspDeInit) refers to stm32f4xx_hal_gpio.o(i.HAL_GPIO_DeInit) for HAL_GPIO_DeInit
    usart.o(i.HAL_UART_MspDeInit) refers to stm32f4xx_hal_cortex.o(i.HAL_NVIC_DisableIRQ) for HAL_NVIC_DisableIRQ
    usart.o(i.HAL_UART_MspInit) refers to rt_memclr_w.o(.text) for __aeabi_memclr4
    usart.o(i.HAL_UART_MspInit) refers to stm32f4xx_hal_gpio.o(i.HAL_GPIO_Init) for HAL_GPIO_Init
    usart.o(i.HAL_UART_MspInit) refers to stm32f4xx_hal_cortex.o(i.HAL_NVIC_SetPriority) for HAL_NVIC_SetPriority
    usart.o(i.HAL_UART_MspInit) refers to stm32f4xx_hal_cortex.o(i.HAL_NVIC_EnableIRQ) for HAL_NVIC_EnableIRQ
    usart.o(i.HAL_UART_RxCpltCallback) refers to stm32f4xx_hal_uart.o(i.HAL_UART_Receive_IT) for HAL_UART_Receive_IT
    usart.o(i.HAL_UART_RxCpltCallback) refers to usart.o(.data) for .data
    usart.o(i.HAL_UART_RxCpltCallback) refers to usart.o(.bss) for .bss
    usart.o(i.MX_USART2_UART_Init) refers to stm32f4xx_hal_uart.o(i.HAL_UART_Init) for HAL_UART_Init
    usart.o(i.MX_USART2_UART_Init) refers to main.o(i.Error_Handler) for Error_Handler
    usart.o(i.MX_USART2_UART_Init) refers to stm32f4xx_hal_uart.o(i.HAL_UART_Receive_IT) for HAL_UART_Receive_IT
    usart.o(i.MX_USART2_UART_Init) refers to usart.o(.bss) for .bss
    usart.o(i.MX_USART2_UART_Init) refers to usart.o(.data) for .data
    usart.o(i.uart_banner) refers to usart.o(i.uart_puts) for uart_puts
[...]
    !!handler_copy                           0x080001d0   Section       26  __scatter_copy.o(!!handler_copy)
    !!handler_zi                             0x080001ec   Section       28  __scatter_zi.o(!!handler_zi)
    .ARM.Collect$$_printf_percent$$00000000  0x08000208   Section        0  _printf_percent.o(.ARM.Collect$$_printf_percent$$00000000)
    .ARM.Collect$$_printf_percent$$00000001  0x08000208   Section        6  _printf_n.o(.ARM.Collect$$_printf_percent$$00000001)
    .ARM.Collect$$_printf_percent$$00000002  0x0800020e   Section        6  _printf_p.o(.ARM.Collect$$_printf_percent$$00000002)
    .ARM.Collect$$_printf_percent$$00000003  0x08000214   Section        6  _printf_f.o(.ARM.Collect$$_printf_percent$$00000003)
    .ARM.Collect$$_printf_percent$$00000004  0x0800021a   Section        6  _printf_e.o(.ARM.Collect$$_printf_percent$$00000004)
    .ARM.Collect$$_printf_percent$$00000005  0x08000220   Section        6  _printf_g.o(.ARM.Collect$$_printf_percent$$00000005)
    .ARM.Collect$$_printf_percent$$00000006  0x08000226   Section        6  _printf_a.o(.ARM.Collect$$_printf_percent$$00000006)
    .ARM.Collect$$_printf_percent$$00000007  0x0800022c   Section       10  _printf_ll.o(.ARM.Collect$$_printf_percent$$00000007)
    .ARM.Collect$$_printf_percent$$00000008  0x08000236   Section        6  _printf_i.o(.ARM.Collect$$_printf_percent$$00000008)
    .ARM.Collect$$_printf_percent$$00000009  0x0800023c   Section        6  _printf_d.o(.ARM.Collect$$_printf_percent$$00000009)
    .ARM.Collect$$_printf_percent$$0000000A  0x08000242   Section        6  _printf_u.o(.ARM.Collect$$_printf_percent$$0000000A)
    .ARM.Collect$$_printf_percent$$0000000B  0x08000248   Section        6  _printf_o.o(.ARM.Collect$$_printf_percent$$0000000B)
    .ARM.Collect$$_printf_percent$$0000000C  0x0800024e   Section        6  _printf_x.o(.ARM.Collect$$_printf_percent$$0000000C)
    .ARM.Collect$$_printf_percent$$0000000D  0x08000254   Section        6  _printf_lli.o(.ARM.Collect$$_printf_percent$$0000000D)
    .ARM.Collect$$_printf_percent$$0000000E  0x0800025a   Section        6  _printf_lld.o(.ARM.Collect$$_printf_percent$$0000000E)
    .ARM.Collect$$_printf_percent$$0000000F  0x08000260   Section        6  _printf_llu.o(.ARM.Collect$$_printf_percent$$0000000F)
    .ARM.Collect$$_printf_percent$$00000010  0x08000266   Section        6  _printf_llo.o(.ARM.Collect$$_printf_percent$$00000010)
    .ARM.Collect$$_printf_percent$$00000011  0x0800026c   Section        6  _printf_llx.o(.ARM.Collect$$_printf_percent$$00000011)
    .ARM.Collect$$_printf_percent$$00000012  0x08000272   Section       10  _printf_l.o(.ARM.Collect$$_printf_percent$$00000012)
    .ARM.Collect$$_printf_percent$$00000013  0x0800027c   Section        6  _printf_c.o(.ARM.Collect$$_printf_percent$$00000013)
    .ARM.Collect$$_printf_percent$$00000014  0x08000282   Section        6  _printf_s.o(.ARM.Collect$$_printf_percent$$00000014)
    .ARM.Collect$$_printf_percent$$00000015  0x08000288   Section        6  _printf_lc.o(.ARM.Collect$$_printf_percent$$00000015)
    .ARM.Collect$$_printf_percent$$00000016  0x0800028e   Section        6  _printf_ls.o(.ARM.Collect$$_printf_percent$$00000016)
    .ARM.Collect$$_printf_percent$$00000017  0x08000294   Section        4  _printf_percent_end.o(.ARM.Collect$$_printf_percent$$00000017)
    .ARM.Collect$$libinit$$00000000          0x08000298   Section        2  libinit.o(.ARM.Collect$$libinit$$00000000)
    .ARM.Collect$$libinit$$00000001          0x0800029a   Section        4  libinit2.o(.ARM.Collect$$libinit$$00000001)
    .ARM.Collect$$libinit$$00000004          0x0800029e   Section        0  libinit2.o(.ARM.Collect$$libinit$$00000004)
    .ARM.Collect$$libinit$$0000000A          0x0800029e   Section        0  libinit2.o(.ARM.Collect$$libinit$$0000000A)
    .ARM.Collect$$libinit$$0000000C          0x0800029e   Section        0  libinit2.o(.ARM.Collect$$libinit$$0000000C)
    .ARM.Collect$$libinit$$0000000E          0x0800029e   Section        0  libinit2.o(.ARM.Collect$$libinit$$0000000E)
    .ARM.Collect$$libinit$$0000000F          0x0800029e   Section        6  libinit2.o(.ARM.Collect$$libinit$$0000000F)
    .ARM.Collect$$libinit$$00000011          0x080002a4   Section        0  libinit2.o(.ARM.Collect$$libinit$$00000011)
    .ARM.Collect$$libinit$$00000012          0x080002a4   Section       12  libinit2.o(.ARM.Collect$$libinit$$00000012)
    .ARM.Collect$$libinit$$00000013          0x080002b0   Section        0  libinit2.o(.ARM.Collect$$libinit$$00000013)
    .ARM.Collect$$libinit$$00000015          0x080002b0   Section        0  libinit2.o(.ARM.Collect$$libinit$$00000015)
    .ARM.Collect$$libinit$$00000016          0x080002b0   Section       10  libinit2.o(.ARM.Collect$$libinit$$00000016)
    .ARM.Collect$$libinit$$00000017          0x080002ba   Section        0  libinit2.o(.ARM.Collect$$libinit$$00000017)
    .ARM.Collect$$libinit$$00000019          0x080002ba   Section        0  libinit2.o(.ARM.Collect$$libinit$$00000019)
    .ARM.Collect$$libinit$$0000001B          0x080002ba   Section        0  libinit2.o(.ARM.Collect$$libinit$$0000001B)
    .ARM.Collect$$libinit$$0000001D          0x080002ba   Section        0  libinit2.o(.ARM.Collect$$libinit$$0000001D)
    .ARM.Collect$$libinit$$0000001F          0x080002ba   Section        0  libinit2.o(.ARM.Collect$$libinit$$0000001F)
    .ARM.Collect$$libinit$$00000021          0x080002ba   Section        0  libinit2.o(.ARM.Collect$$libinit$$00000021)
    .ARM.Collect$$libinit$$00000023          0x080002ba   Section        0  libinit2.o(.ARM.Collect$$libinit$$00000023)
    .ARM.Collect$$libinit$$00000025          0x080002ba   Section        0  libinit2.o(.ARM.Collect$$libinit$$00000025)
    .ARM.Collect$$libinit$$0000002C          0x080002ba   Section        0  libinit2.o(.ARM.Collect$$libinit$$0000002C)
    .ARM.Collect$$libinit$$0000002E          0x080002ba   Section        0  libinit2.o(.ARM.Collect$$libinit$$0000002E)
    .ARM.Collect$$libinit$$00000030          0x080002ba   Section        0  libinit2.o(.ARM.Collect$$libinit$$00000030)
    .ARM.Collect$$libinit$$00000032          0x080002ba   Section        0  libinit2.o(.ARM.Collect$$libinit$$00000032)
    .ARM.Collect$$libinit$$00000033          0x080002ba   Section        2  libinit2.o(.ARM.Collect$$libinit$$00000033)
    .ARM.Collect$$libshutdown$$00000000      0x080002bc   Section        2  libshutdown.o(.ARM.Collect$$libshutdown$$00000000)
    .ARM.Collect$$libshutdown$$00000002      0x080002be   Section        0  libshutdown2.o(.ARM.Collect$$libshutdown$$00000002)
    .ARM.Collect$$libshutdown$$00000004      0x080002be   Section        0  libshutdown2.o(.ARM.Collect$$libshutdown$$00000004)
    .ARM.Collect$$libshutdown$$00000006      0x080002be   Section        0  libshutdown2.o(.ARM.Collect$$libshutdown$$00000006)
    .ARM.Collect$$libshutdown$$00000009      0x080002be   Section        0  libshutdown2.o(.ARM.Collect$$libshutdown$$00000009)
    .ARM.Collect$$libshutdown$$0000000C      0x080002be   Section        0  libshutdown2.o(.ARM.Collect$$libshutdown$$0000000C)
    .ARM.Collect$$libshutdown$$0000000E      0x080002be   Section        0  libshutdown2.o(.ARM.Collect$$libshutdown$$0000000E)
    .ARM.Collect$$libshutdown$$00000011      0x080002be   Section        0  libshutdown2.o(.ARM.Collect$$libshutdown$$00000011)
    .ARM.Collect$$libshutdown$$00000012      0x080002be   Section        2  libshutdown2.o(.ARM.Collect$$libshutdown$$00000012)
    .ARM.Collect$$rtentry$$00000000          0x080002c0   Section        0  __rtentry.o(.ARM.Collect$$rtentry$$00000000)
    .ARM.Collect$$rtentry$$00000002          0x080002c0   Section        0  __rtentry2.o(.ARM.Collect$$rtentry$$00000002)
    .ARM.Collect$$rtentry$$00000004          0x080002c0   Section        6  __rtentry4.o(.ARM.Collect$$rtentry$$00000004)
    .ARM.Collect$$rtentry$$00000009          0x080002c6   Section        0  __rtentry2.o(.ARM.Collect$$rtentry$$00000009)
    .ARM.Collect$$rtentry$$0000000A          0x080002c6   Section        4  __rtentry2.o(.ARM.Collect$$rtentry$$0000000A)
    .ARM.Collect$$rtentry$$0000000C          0x080002ca   Section        0  __rtentry2.o(.ARM.Collect$$rtentry$$0000000C)
    .ARM.Collect$$rtentry$$0000000D          0x080002ca   Section        8  __rtentry2.o(.ARM.Collect$$rtentry$$0000000D)
    .ARM.Collect$$rtexit$$00000000           0x080002d2   Section        2  rtexit.o(.ARM.Collect$$rtexit$$00000000)
    .ARM.Collect$$rtexit$$00000002           0x080002d4   Section        0  rtexit2.o(.ARM.Collect$$rtexit$$00000002)
    .ARM.Collect$$rtexit$$00000003           0x080002d4   Section        4  rtexit2.o(.ARM.Collect$$rtexit$$00000003)
    .ARM.Collect$$rtexit$$00000004           0x080002d8   Section        6  rtexit2.o(.ARM.Collect$$rtexit$$00000004)
    .text                                    0x080002e0   Section       64  startup_stm32f401xc.o(.text)
    $v0                                      0x080002e0   Number         0  startup_stm32f401xc.o(.text)
    .text                                    0x08000320   Section      238  lludivv7m.o(.text)
    .text                                    0x08000410   Section        0  vsnprintf.o(.text)
    .text                                    0x08000444   Section        0  strlen.o(.text)
    .text                                    0x08000482   Section        0  strncmp.o(.text)
    .text                                    0x08000518   Section      100  rt_memcpy_w.o(.text)
    .text                                    0x0800057c   Section       78  rt_memclr_w.o(.text)
    .text                                    0x080005cc   Section      128  strcmpv7m.o(.text)
    .text                                    0x0800064c   Section        0  heapauxi.o(.text)
    .text                                    0x08000652   Section        0  _printf_pad.o(.text)
    .text                                    0x080006a0   Section        0  _printf_truncate.o(.text)
    .text                                    0x080006c4   Section        0  _printf_str.o(.text)
    .text                                    0x08000718   Section        0  _printf_dec.o(.text)
    .text                                    0x08000790   Section        0  _printf_charcount.o(.text)
    .text                                    0x080007b8   Section        0  _printf_char_common.o(.text)
    _printf_input_char                       0x080007b9   Thumb Code    10  _printf_char_common.o(.text)
    .text                                    0x080007e8   Section        0  _sputc.o(.text)
    .text                                    0x080007f2   Section        0  _snputc.o(.text)
    .text                                    0x08000804   Section        0  _printf_wctomb.o(.text)
    .text                                    0x080008c0   Section        0  _printf_longlong_dec.o(.text)
    .text                                    0x0800093c   Section        0  _printf_oct_int_ll.o(.text)
    _printf_longlong_oct_internal            0x0800093d   Thumb Code     0  _printf_oct_int_ll.o(.text)
    .text                                    0x080009ac   Section        0  _printf_hex_int_ll_ptr.o(.text)
    _printf_hex_common                       0x080009ad   Thumb Code     0  _printf_hex_int_ll_ptr.o(.text)
    .text                                    0x08000a40   Section        0  __printf_flags_ss_wp.o(.text)
    .text                                    0x08000bc8   Section      138  lludiv10.o(.text)
    .text                                    0x08000c52   Section        0  _printf_intcommon.o(.text)
    .text                                    0x08000d04   Section        0  _printf_fp_dec.o(.text)
    _fp_digits                               0x08000d07   Thumb Code   432  _printf_fp_dec.o(.text)
    .text                                    0x08001124   Section        0  _printf_fp_hex.o(.text)
    .text                                    0x08001420   Section        0  _printf_char.o(.text)
    .text                                    0x0800144c   Section        0  _printf_wchar.o(.text)
    .text                                    0x08001478   Section        0  _wcrtomb.o(.text)
    .text                                    0x080014b8   Section       74  sys_stackheap_outer.o(.text)
    .text                                    0x08001504   Section       16  rt_ctype_table.o(.text)
    .text                                    0x08001514   Section        8  rt_locale_intlibspace.o(.text)
    .text                                    0x0800151c   Section        0  _printf_fp_infnan.o(.text)
    .text                                    0x0800159c   Section        0  bigflt0.o(.text)
    .text                                    0x08001680   Section        0  exit.o(.text)
    .text                                    0x08001694   Section        8  libspace.o(.text)
    .text                                    0x0800169c   Section        0  sys_exit.o(.text)
    .text                                    0x080016a8   Section        2  use_no_semi.o(.text)
    .text                                    0x080016aa   Section        0  indicate_semi.o(.text)
    CL$$btod_d2e                             0x080016aa   Section       62  btod.o(CL$$btod_d2e)
    CL$$btod_d2e_denorm_low                  0x080016e8   Section       70  btod.o(CL$$btod_d2e_denorm_low)
    CL$$btod_d2e_norm_op1                    0x0800172e   Section       96  btod.o(CL$$btod_d2e_norm_op1)
    CL$$btod_div_common                      0x0800178e   Section      824  btod.o(CL$$btod_div_common)
    CL$$btod_e2e                             0x08001ac6   Section      220  btod.o(CL$$btod_e2e)
    CL$$btod_ediv                            0x08001ba2   Section       42  btod.o(CL$$btod_ediv)
    CL$$btod_emul                            0x08001bcc   Section       42  btod.o(CL$$btod_emul)
    CL$$btod_mult_common                     0x08001bf6   Section      580  btod.o(CL$$btod_mult_common)
    i.BusFault_Handler                       0x08001e3a   Section        0  stm32f4xx_it.o(i.BusFault_Handler)
    i.DebugMon_Handler                       0x08001e3c   Section        0  stm32f4xx_it.o(i.DebugMon_Handler)
    i.Error_Handler                          0x08001e3e   Section        0  main.o(i.Error_Handler)
    i.HAL_DMA_Abort                          0x08001e42   Section        0  stm32f4xx_hal_dma.o(i.HAL_DMA_Abort)
    i.HAL_DMA_Abort_IT                       0x08001ed4   Section        0  stm32f4xx_hal_dma.o(i.HAL_DMA_Abort_IT)
    i.HAL_GPIO_Init                          0x08001ef8   Section        0  stm32f4xx_hal_gpio.o(i.HAL_GPIO_Init)
    i.HAL_GPIO_TogglePin                     0x080020d8   Section        0  stm32f4xx_hal_gpio.o(i.HAL_GPIO_TogglePin)
    i.HAL_GPIO_WritePin                      0x080020e8   Section        0  stm32f4xx_hal_gpio.o(i.HAL_GPIO_WritePin)
    i.HAL_GetTick                            0x080020f4   Section        0  stm32f4xx_hal.o(i.HAL_GetTick)
    i.HAL_IncTick                            0x08002100   Section        0  stm32f4xx_hal.o(i.HAL_IncTick)
    i.HAL_Init                               0x08002110   Section        0  stm32f4xx_hal.o(i.HAL_Init)
    i.HAL_InitTick                           0x08002144   Section        0  stm32f4xx_hal.o(i.HAL_InitTick)
    i.HAL_MspInit                            0x08002184   Section        0  stm32f4xx_hal_msp.o(i.HAL_MspInit)
    i.HAL_NVIC_EnableIRQ                     0x080021b4   Section        0  stm32f4xx_hal_cortex.o(i.HAL_NVIC_EnableIRQ)
    i.HAL_NVIC_SetPriority                   0x080021d0   Section        0  stm32f4xx_hal_cortex.o(i.HAL_NVIC_SetPriority)
    i.HAL_NVIC_SetPriorityGrouping           0x08002210   Section        0  stm32f4xx_hal_cortex.o(i.HAL_NVIC_SetPriorityGrouping)
    i.HAL_RCC_ClockConfig                    0x08002234   Section        0  stm32f4xx_hal_rcc.o(i.HAL_RCC_ClockConfig)
    i.HAL_RCC_GetPCLK1Freq                   0x08002368   Section        0  stm32f4xx_hal_rcc.o(i.HAL_RCC_GetPCLK1Freq)
    i.HAL_RCC_GetPCLK2Freq                   0x08002388   Section        0  stm32f4xx_hal_rcc.o(i.HAL_RCC_GetPCLK2Freq)
    i.HAL_RCC_GetSysClockFreq                0x080023a8   Section        0  stm32f4xx_hal_rcc.o(i.HAL_RCC_GetSysClockFreq)
    i.HAL_RCC_OscConfig                      0x0800240c   Section        0  stm32f4xx_hal_rcc.o(i.HAL_RCC_OscConfig)
    i.HAL_SYSTICK_Config                     0x08002778   Section        0  stm32f4xx_hal_cortex.o(i.HAL_SYSTICK_Config)
    i.HAL_UARTEx_RxEventCallback             0x080027a0   Section        0  stm32f4xx_hal_uart.o(i.HAL_UARTEx_RxEventCallback)
    i.HAL_UART_ErrorCallback                 0x080027a2   Section        0  stm32f4xx_hal_uart.o(i.HAL_UART_ErrorCallback)
    i.HAL_UART_IRQHandler                    0x080027a4   Section        0  stm32f4xx_hal_uart.o(i.HAL_UART_IRQHandler)
    i.HAL_UART_Init                          0x08002a24   Section        0  stm32f4xx_hal_uart.o(i.HAL_UART_Init)
    i.HAL_UART_MspInit                       0x08002a88   Section        0  usart.o(i.HAL_UART_MspInit)
    i.HAL_UART_Receive_IT                    0x08002b00   Section        0  stm32f4xx_hal_uart.o(i.HAL_UART_Receive_IT)
    i.HAL_UART_RxCpltCallback                0x08002b1c   Section        0  usart.o(i.HAL_UART_RxCpltCallback)
    i.HAL_UART_Transmit                      0x08002b84   Section        0  stm32f4xx_hal_uart.o(i.HAL_UART_Transmit)
    i.HAL_UART_TxCpltCallback                0x08002c24   Section        0  stm32f4xx_hal_uart.o(i.HAL_UART_TxCpltCallback)
    i.HardFault_Handler                      0x08002c26   Section        0  stm32f4xx_it.o(i.HardFault_Handler)
    i.MX_GPIO_Init                           0x08002c28   Section        0  gpio.o(i.MX_GPIO_Init)
    i.MX_USART2_UART_Init                    0x08002c88   Section        0  usart.o(i.MX_USART2_UART_Init)
    i.MemManage_Handler                      0x08002cd4   Section        0  stm32f4xx_it.o(i.MemManage_Handler)
    i.NMI_Handler                            0x08002cd6   Section        0  stm32f4xx_it.o(i.NMI_Handler)
    i.PendSV_Handler                         0x08002cd8   Section        0  stm32f4xx_it.o(i.PendSV_Handler)
    i.SVC_Handler                            0x08002cda   Section        0  stm32f4xx_it.o(i.SVC_Handler)
    i.SysTick_Handler                        0x08002cdc   Section        0  stm32f4xx_it.o(i.SysTick_Handler)
    i.SystemClock_Config                     0x08002ce0   Section        0  main.o(i.SystemClock_Config)
    i.SystemInit                             0x08002d60   Section        0  system_stm32f4xx.o(i.SystemInit)
    i.UART_DMAAbortOnError                   0x08002d70   Section        0  stm32f4xx_hal_uart.o(i.UART_DMAAbortOnError)
    UART_DMAAbortOnError                     0x08002d71   Thumb Code    14  stm32f4xx_hal_uart.o(i.UART_DMAAbortOnError)
    i.UART_EndRxTransfer                     0x08002d7e   Section        0  stm32f4xx_hal_uart.o(i.UART_EndRxTransfer)
    UART_EndRxTransfer                       0x08002d7f   Thumb Code    78  stm32f4xx_hal_uart.o(i.UART_EndRxTransfer)
    i.UART_Receive_IT                        0x08002dcc   Section        0  stm32f4xx_hal_uart.o(i.UART_Receive_IT)
    UART_Receive_IT                          0x08002dcd   Thumb Code   194  stm32f4xx_hal_uart.o(i.UART_Receive_IT)
    i.UART_SetConfig                         0x08002e90   Section        0  stm32f4xx_hal_uart.o(i.UART_SetConfig)
    UART_SetConfig                           0x08002e91   Thumb Code   258  stm32f4xx_hal_uart.o(i.UART_SetConfig)
    i.UART_Start_Receive_IT                  0x08002f9c   Section        0  stm32f4xx_hal_uart.o(i.UART_Start_Receive_IT)
    i.UART_WaitOnFlagUntilTimeout            0x08002fd2   Section        0  stm32f4xx_hal_uart.o(i.UART_WaitOnFlagUntilTimeout)
    UART_WaitOnFlagUntilTimeout              0x08002fd3   Thumb Code   114  stm32f4xx_hal_uart.o(i.UART_WaitOnFlagUntilTimeout)
    i.USART2_IRQHandler                      0x08003044   Section        0  stm32f4xx_it.o(i.USART2_IRQHandler)
    i.UsageFault_Handler                     0x08003050   Section        0  stm32f4xx_it.o(i.UsageFault_Handler)
    i.__ARM_fpclassify                       0x08003052   Section        0  fpclassify.o(i.__ARM_fpclassify)
    i.__NVIC_SetPriority                     0x08003082   Section        0  stm32f4xx_hal_cortex.o(i.__NVIC_SetPriority)
    __NVIC_SetPriority                       0x08003083   Thumb Code    32  stm32f4xx_hal_cortex.o(i.__NVIC_SetPriority)
    i._is_digit                              0x080030a2   Section        0  __printf_wp.o(i._is_digit)
    i.main                                   0x080030b0   Section        0  main.o(i.main)
    i.uart_banner                            0x080030fc   Section        0  usart.o(i.uart_banner)
    i.uart_handle_line                       0x08003160   Section        0  usart.o(i.uart_handle_line)
    uart_handle_line                         0x08003161   Thumb Code   180  usart.o(i.uart_handle_line)
    i.uart_poll                              0x08003320   Section        0  usart.o(i.uart_poll)
    i.uart_printf                            0x08003384   Section        0  usart.o(i.uart_printf)
    i.uart_puts                              0x080033b8   Section        0  usart.o(i.uart_puts)
    locale$$code                             0x080033dc   Section       44  lc_numeric_c.o(locale$$code)
    locale$$code                             0x08003408   Section       44  lc_ctype_c.o(locale$$code)
    x$fpl$fpinit                             0x08003434   Section       10  fpinit.o(x$fpl$fpinit)
    $v0                                      0x08003434   Number         0  fpinit.o(x$fpl$fpinit)
    x$fpl$printf1                            0x0800343e   Section        4  printf1.o(x$fpl$printf1)
    $v0                                      0x0800343e   Number         0  printf1.o(x$fpl$printf1)
    x$fpl$printf2                            0x08003442   Section        4  printf2.o(x$fpl$printf2)
    $v0                                      0x08003442   Number         0  printf2.o(x$fpl$printf2)
    .constdata                               0x08003446   Section       16  system_stm32f4xx.o(.constdata)
    x$fpl$usenofp                            0x08003446   Section        0  usenofp.o(x$fpl$usenofp)
    .constdata                               0x08003456   Section        8  system_stm32f4xx.o(.constdata)
    .constdata                               0x08003460   Section        8  _printf_wctomb.o(.constdata)
    initial_mbstate                          0x08003460   Data           8  _printf_wctomb.o(.constdata)
    .constdata                               0x08003468   Section       40  _printf_hex_int_ll_ptr.o(.constdata)
    uc_hextab                                0x08003468   Data          20  _printf_hex_int_ll_ptr.o(.constdata)
    lc_hextab                                0x0800347c   Data          20  _printf_hex_int_ll_ptr.o(.constdata)
    .constdata                               0x08003490   Section       17  __printf_flags_ss_wp.o(.constdata)
    maptable                                 0x08003490   Data          17  __printf_flags_ss_wp.o(.constdata)
    .constdata                               0x080034a1   Section       38  _printf_fp_hex.o(.constdata)
    lc_hextab                                0x080034a1   Data          19  _printf_fp_hex.o(.constdata)
    uc_hextab                                0x080034b4   Data          19  _printf_fp_hex.o(.constdata)
    .constdata                               0x080034c8   Section      148  bigflt0.o(.constdata)
    tenpwrs_x                                0x080034c8   Data          60  bigflt0.o(.constdata)
    tenpwrs_i                                0x08003504   Data          64  bigflt0.o(.constdata)
    .conststring                             0x0800355c   Section       65  usart.o(.conststring)
    locale$$data                             0x080035c0   Section       28  lc_numeric_c.o(locale$$data)
    __lcnum_c_name                           0x080035c4   Data           2  lc_numeric_c.o(locale$$data)
    __lcnum_c_start                          0x080035cc   Data           0  lc_numeric_c.o(locale$$data)
    __lcnum_c_point                          0x080035d8   Data           0  lc_numeric_c.o(locale$$data)
    __lcnum_c_thousands                      0x080035da   Data           0  lc_numeric_c.o(locale$$data)
    __lcnum_c_grouping                       0x080035db   Data           0  lc_numeric_c.o(locale$$data)
    locale$$data                             0x080035dc   Section      272  lc_ctype_c.o(locale$$data)
    __lcnum_c_end                            0x080035dc   Data           0  lc_numeric_c.o(locale$$data)
    __lcctype_c_name                         0x080035e0   Data           2  lc_ctype_c.o(locale$$data)
    __lcctype_c_start                        0x080035e8   Data           0  lc_ctype_c.o(locale$$data)
    __lcctype_c_end                          0x080036ec   Data           0  lc_ctype_c.o(locale$$data)
    .data                                    0x20000000   Section       32  main.o(.data)
    .data                                    0x20000020   Section       16  usart.o(.data)
    rx_byte                                  0x20000020   Data           1  usart.o(.data)
    rx_line_ready                            0x20000021   Data           1  usart.o(.data)
    rx_len                                   0x20000022   Data           2  usart.o(.data)
    last_hb                                  0x20000024   Data           4  usart.o(.data)
    rx_total                                 0x20000028   Data           4  usart.o(.data)
    rx_overflow                              0x2000002c   Data           4  usart.o(.data)
    .data                                    0x20000030   Section       12  stm32f4xx_hal.o(.data)
    .data                                    0x2000003c   Section        4  system_stm32f4xx.o(.data)
    .bss                                     0x20000040   Section      136  usart.o(.bss)
    rx_line                                  0x20000088   Data          64  usart.o(.bss)
    .bss                                     0x200000c8   Section       96  libspace.o(.bss)
    HEAP                                     0x20000128   Section      512  startup_stm32f401xc.o(HEAP)
    Heap_Mem                                 0x20000128   Data         512  startup_stm32f401xc.o(HEAP)
    STACK                                    0x20000328   Section     1024  startup_stm32f401xc.o(STACK)
    Stack_Mem                                0x20000328   Data        1024  startup_stm32f401xc.o(STACK)
    __initial_sp                             0x20000728   Data           0  startup_stm32f401xc.o(STACK)

    Global Symbols

    Symbol Name                              Value     Ov Type        Size  Object(Section)

    BuildAttributes$$THM_ISAv4$E$P$D$K$B$S$7EM$VFPi3$EXTD16$VFPS$VFMA$PE$A:L22UL41UL21$X:L11$S22US41US21$IEEE1$IW$USESV6$~STKCKD$USESV7$~SHL$OTIME$ROPI$IEEEJ$EBA8$UX$STANDARDLIB$REQ8$PRES8$EABIv2 0x00000000   Number         0  anon$$obj.o ABSOLUTE
    __ARM_use_no_argv                        0x00000000   Number         0  main.o ABSOLUTE
    _printf_flags                            0x00000000   Number         0  printf_stubs.o ABSOLUTE
    _printf_return_value                     0x00000000   Number         0  printf_stubs.o ABSOLUTE
    _printf_sizespec                         0x00000000   Number         0  printf_stubs.o ABSOLUTE
    _printf_widthprec                        0x00000000   Number         0  printf_stubs.o ABSOLUTE
    __ARM_exceptions_init                     - Undefined Weak Reference
    __alloca_initialize                       - Undefined Weak Reference
    __arm_fini_                               - Undefined Weak Reference
    __arm_preinit_                            - Undefined Weak Reference
    __cpp_initialize__aeabi_                  - Undefined Weak Reference
    __cxa_finalize                            - Undefined Weak Reference
    __sigvec_lookup                           - Undefined Weak Reference
    _atexit_init                              - Undefined Weak Reference
    _call_atexit_fns                          - Undefined Weak Reference
    _clock_init                               - Undefined Weak Reference
    _fp_trap_init                             - Undefined Weak Reference
    _fp_trap_shutdown                         - Undefined Weak Reference
    _get_lc_collate                           - Undefined Weak Reference
    _get_lc_monetary                          - Undefined Weak Reference
    _get_lc_time                              - Undefined Weak Reference
    _getenv_init                              - Undefined Weak Reference
    _handle_redirection                       - Undefined Weak Reference
    _init_alloc                               - Undefined Weak Reference
    _init_user_alloc                          - Undefined Weak Reference
    _initio                                   - Undefined Weak Reference
    _printf_mbtowc                            - Undefined Weak Reference
    _printf_wc                                - Undefined Weak Reference
    _rand_init                                - Undefined Weak Reference
    _signal_finish                            - Undefined Weak Reference
    _signal_init                              - Undefined Weak Reference
    _terminate_alloc                          - Undefined Weak Reference
    _terminate_user_alloc                     - Undefined Weak Reference
    _terminateio                              - Undefined Weak Reference
    __Vectors_Size                           0x00000194   Number         0  startup_stm32f401xc.o ABSOLUTE
    __Vectors                                0x08000000   Data           4  startup_stm32f401xc.o(RESET)
    __Vectors_End                            0x08000194   Data           0  startup_stm32f401xc.o(RESET)
    __main                                   0x08000195   Thumb Code     8  __main.o(!!!main)
    __scatterload                            0x0800019d   Thumb Code     0  __scatter.o(!!!scatter)
    __scatterload_rt2                        0x0800019d   Thumb Code    44  __scatter.o(!!!scatter)
    __scatterload_rt2_thumb_only             0x0800019d   Thumb Code     0  __scatter.o(!!!scatter)
    __scatterload_null                       0x080001ab   Thumb Code     0  __scatter.o(!!!scatter)
    __scatterload_copy                       0x080001d1   Thumb Code    26  __scatter_copy.o(!!handler_copy)
    __scatterload_zeroinit                   0x080001ed   Thumb Code    28  __scatter_zi.o(!!handler_zi)
    _printf_n                                0x08000209   Thumb Code     0  _printf_n.o(.ARM.Collect$$_printf_percent$$00000001)
    _printf_percent                          0x08000209   Thumb Code     0  _printf_percent.o(.ARM.Collect$$_printf_percent$$00000000)
    _printf_p                                0x0800020f   Thumb Code     0  _printf_p.o(.ARM.Collect$$_printf_percent$$00000002)
    _printf_f                                0x08000215   Thumb Code     0  _printf_f.o(.ARM.Collect$$_printf_percent$$00000003)
    _printf_e                                0x0800021b   Thumb Code     0  _printf_e.o(.ARM.Collect$$_printf_percent$$00000004)
    _printf_g                                0x08000221   Thumb Code     0  _printf_g.o(.ARM.Collect$$_printf_percent$$00000005)
    _printf_a                                0x08000227   Thumb Code     0  _printf_a.o(.ARM.Collect$$_printf_percent$$00000006)
    _printf_ll                               0x0800022d   Thumb Code     0  _printf_ll.o(.ARM.Collect$$_printf_percent$$00000007)
    _printf_i                                0x08000237   Thumb Code     0  _printf_i.o(.ARM.Collect$$_printf_percent$$00000008)
    _printf_d                                0x0800023d   Thumb Code     0  _printf_d.o(.ARM.Collect$$_printf_percent$$00000009)
    _printf_u                                0x08000243   Thumb Code     0  _printf_u.o(.ARM.Collect$$_printf_percent$$0000000A)
    _printf_o                                0x08000249   Thumb Code     0  _printf_o.o(.ARM.Collect$$_printf_percent$$0000000B)
    _printf_x                                0x0800024f   Thumb Code     0  _printf_x.o(.ARM.Collect$$_printf_percent$$0000000C)
    _printf_lli                              0x08000255   Thumb Code     0  _printf_lli.o(.ARM.Collect$$_printf_percent$$0000000D)
    _printf_lld                              0x0800025b   Thumb Code     0  _printf_lld.o(.ARM.Collect$$_printf_percent$$0000000E)
    _printf_llu                              0x08000261   Thumb Code     0  _printf_llu.o(.ARM.Collect$$_printf_percent$$0000000F)
    _printf_llo                              0x08000267   Thumb Code     0  _printf_llo.o(.ARM.Collect$$_printf_percent$$00000010)
    _printf_llx                              0x0800026d   Thumb Code     0  _printf_llx.o(.ARM.Collect$$_printf_percent$$00000011)
    _printf_l                                0x08000273   Thumb Code     0  _printf_l.o(.ARM.Collect$$_printf_percent$$00000012)
    _printf_c                                0x0800027d   Thumb Code     0  _printf_c.o(.ARM.Collect$$_printf_percent$$00000013)
    _printf_s                                0x08000283   Thumb Code     0  _printf_s.o(.ARM.Collect$$_printf_percent$$00000014)
    _printf_lc                               0x08000289   Thumb Code     0  _printf_lc.o(.ARM.Collect$$_printf_percent$$00000015)
    _printf_ls                               0x0800028f   Thumb Code     0  _printf_ls.o(.ARM.Collect$$_printf_percent$$00000016)
    _printf_percent_end                      0x08000295   Thumb Code     0  _printf_percent_end.o(.ARM.Collect$$_printf_percent$$00000017)
    __rt_lib_init                            0x08000299   Thumb Code     0  libinit.o(.ARM.Collect$$libinit$$00000000)
    __rt_lib_init_fp_1                       0x0800029b   Thumb Code     0  libinit2.o(.ARM.Collect$$libinit$$00000001)
    __rt_lib_init_heap_1                     0x0800029f   Thumb Code     0  libinit2.o(.ARM.Collect$$libinit$$0000000A)
    __rt_lib_init_lc_common                  0x0800029f   Thumb Code     0  libinit2.o(.ARM.Collect$$libinit$$0000000F)
    __rt_lib_init_preinit_1                  0x0800029f   Thumb Code     0  libinit2.o(.ARM.Collect$$libinit$$00000004)
    __rt_lib_init_rand_1                     0x0800029f   Thumb Code     0  libinit2.o(.ARM.Collect$$libinit$$0000000E)
    __rt_lib_init_user_alloc_1               0x0800029f   Thumb Code     0  libinit2.o(.ARM.Collect$$libinit$$0000000C)
    __rt_lib_init_lc_collate_1               0x080002a5   Thumb Code     0  libinit2.o(.ARM.Collect$$libinit$$00000011)
    __rt_lib_init_lc_ctype_2                 0x080002a5   Thumb Code     0  libinit2.o(.ARM.Collect$$libinit$$00000012)
    __rt_lib_init_lc_ctype_1                 0x080002b1   Thumb Code     0  libinit2.o(.ARM.Collect$$libinit$$00000013)
    __rt_lib_init_lc_monetary_1              0x080002b1   Thumb Code     0  libinit2.o(.ARM.Collect$$libinit$$00000015)
    __rt_lib_init_lc_numeric_2               0x080002b1   Thumb Code     0  libinit2.o(.ARM.Collect$$libinit$$00000016)
    __rt_lib_init_alloca_1                   0x080002bb   Thumb Code     0  libinit2.o(.ARM.Collect$$libinit$$0000002E)
    __rt_lib_init_argv_1                     0x080002bb   Thumb Code     0  libinit2.o(.ARM.Collect$$libinit$$0000002C)
    __rt_lib_init_atexit_1                   0x080002bb   Thumb Code     0  libinit2.o(.ARM.Collect$$libinit$$0000001B)
    __rt_lib_init_clock_1                    0x080002bb   Thumb Code     0  libinit2.o(.ARM.Collect$$libinit$$00000021)
    __rt_lib_init_cpp_1                      0x080002bb   Thumb Code     0  libinit2.o(.ARM.Collect$$libinit$$00000032)
    __rt_lib_init_exceptions_1               0x080002bb   Thumb Code     0  libinit2.o(.ARM.Collect$$libinit$$00000030)
    __rt_lib_init_fp_trap_1                  0x080002bb   Thumb Code     0  libinit2.o(.ARM.Collect$$libinit$$0000001F)
    __rt_lib_init_getenv_1                   0x080002bb   Thumb Code     0  libinit2.o(.ARM.Collect$$libinit$$00000023)
    __rt_lib_init_lc_numeric_1               0x080002bb   Thumb Code     0  libinit2.o(.ARM.Collect$$libinit$$00000017)
    __rt_lib_init_lc_time_1                  0x080002bb   Thumb Code     0  libinit2.o(.ARM.Collect$$libinit$$00000019)
    __rt_lib_init_return                     0x080002bb   Thumb Code     0  libinit2.o(.ARM.Collect$$libinit$$00000033)
    __rt_lib_init_signal_1                   0x080002bb   Thumb Code     0  libinit2.o(.ARM.Collect$$libinit$$0000001D)
    __rt_lib_init_stdio_1                    0x080002bb   Thumb Code     0  libinit2.o(.ARM.Collect$$libinit$$00000025)
    __rt_lib_shutdown                        0x080002bd   Thumb Code     0  libshutdown.o(.ARM.Collect$$libshutdown$$00000000)
    __rt_lib_shutdown_cpp_1                  0x080002bf   Thumb Code     0  libshutdown2.o(.ARM.Collect$$libshutdown$$00000004)
    __rt_lib_shutdown_fini_1                 0x080002bf   Thumb Code     0  libshutdown2.o(.ARM.Collect$$libshutdown$$00000002)
    __rt_lib_shutdown_fp_trap_1              0x080002bf   Thumb Code     0  libshutdown2.o(.ARM.Collect$$libshutdown$$00000009)
    __rt_lib_shutdown_heap_1                 0x080002bf   Thumb Code     0  libshutdown2.o(.ARM.Collect$$libshutdown$$00000011)
    __rt_lib_shutdown_return                 0x080002bf   Thumb Code     0  libshutdown2.o(.ARM.Collect$$libshutdown$$00000012)
    __rt_lib_shutdown_signal_1               0x080002bf   Thumb Code     0  libshutdown2.o(.ARM.Collect$$libshutdown$$0000000C)
    __rt_lib_shutdown_stdio_1                0x080002bf   Thumb Code     0  libshutdown2.o(.ARM.Collect$$libshutdown$$00000006)
    __rt_lib_shutdown_user_alloc_1           0x080002bf   Thumb Code     0  libshutdown2.o(.ARM.Collect$$libshutdown$$0000000E)
    __rt_entry                               0x080002c1   Thumb Code     0  __rtentry.o(.ARM.Collect$$rtentry$$00000000)
    __rt_entry_presh_1                       0x080002c1   Thumb Code     0  __rtentry2.o(.ARM.Collect$$rtentry$$00000002)
    __rt_entry_sh                            0x080002c1   Thumb Code     0  __rtentry4.o(.ARM.Collect$$rtentry$$00000004)
    __rt_entry_li                            0x080002c7   Thumb Code     0  __rtentry2.o(.ARM.Collect$$rtentry$$0000000A)
    __rt_entry_postsh_1                      0x080002c7   Thumb Code     0  __rtentry2.o(.ARM.Collect$$rtentry$$00000009)
    __rt_entry_main                          0x080002cb   Thumb Code     0  __rtentry2.o(.ARM.Collect$$rtentry$$0000000D)
    __rt_entry_postli_1                      0x080002cb   Thumb Code     0  __rtentry2.o(.ARM.Collect$$rtentry$$0000000C)
    __rt_exit                                0x080002d3   Thumb Code     0  rtexit.o(.ARM.Collect$$rtexit$$00000000)
    __rt_exit_ls                             0x080002d5   Thumb Code     0  rtexit2.o(.ARM.Collect$$rtexit$$00000003)
    __rt_exit_prels_1                        0x080002d5   Thumb Code     0  rtexit2.o(.ARM.Collect$$rtexit$$00000002)
    __rt_exit_exit                           0x080002d9   Thumb Code     0  rtexit2.o(.ARM.Collect$$rtexit$$00000004)
    Reset_Handler                            0x080002e1   Thumb Code     8  startup_stm32f401xc.o(.text)
    ADC_IRQHandler                           0x080002fb   Thumb Code     0  startup_stm32f401xc.o(.text)
    DMA1_Stream0_IRQHandler                  0x080002fb   Thumb Code     0  startup_stm32f401xc.o(.text)
    DMA1_Stream1_IRQHandler                  0x080002fb   Thumb Code     0  startup_stm32f401xc.o(.text)
    DMA1_Stream2_IRQHandler                  0x080002fb   Thumb Code     0  startup_stm32f401xc.o(.text)
    DMA1_Stream3_IRQHandler                  0x080002fb   Thumb Code     0  startup_stm32f401xc.o(.text)
    DMA1_Stream4_IRQHandler                  0x080002fb   Thumb Code     0  startup_stm32f401xc.o(.text)
    DMA1_Stream5_IRQHandler                  0x080002fb   Thumb Code     0  startup_stm32f401xc.o(.text)
    DMA1_Stream6_IRQHandler                  0x080002fb   Thumb Code     0  startup_stm32f401xc.o(.text)
    DMA1_Stream7_IRQHandler                  0x080002fb   Thumb Code     0  startup_stm32f401xc.o(.text)
    DMA2_Stream0_IRQHandler                  0x080002fb   Thumb Code     0  startup_stm32f401xc.o(.text)
    DMA2_Stream1_IRQHandler                  0x080002fb   Thumb Code     0  startup_stm32f401xc.o(.text)
    DMA2_Stream2_IRQHandler                  0x080002fb   Thumb Code     0  startup_stm32f401xc.o(.text)
    DMA2_Stream3_IRQHandler                  0x080002fb   Thumb Code     0  startup_stm32f401xc.o(.text)
    DMA2_Stream4_IRQHandler                  0x080002fb   Thumb Code     0  startup_stm32f401xc.o(.text)
    DMA2_Stream5_IRQHandler                  0x080002fb   Thumb Code     0  startup_stm32f401xc.o(.text)
    DMA2_Stream6_IRQHandler                  0x080002fb   Thumb Code     0  startup_stm32f401xc.o(.text)
    DMA2_Stream7_IRQHandler                  0x080002fb   Thumb Code     0  startup_stm32f401xc.o(.text)
    EXTI0_IRQHandler                         0x080002fb   Thumb Code     0  startup_stm32f401xc.o(.text)
    EXTI15_10_IRQHandler                     0x080002fb   Thumb Code     0  startup_stm32f401xc.o(.text)
    EXTI1_IRQHandler                         0x080002fb   Thumb Code     0  startup_stm32f401xc.o(.text)
    EXTI2_IRQHandler                         0x080002fb   Thumb Code     0  startup_stm32f401xc.o(.text)
    EXTI3_IRQHandler                         0x080002fb   Thumb Code     0  startup_stm32f401xc.o(.text)
    EXTI4_IRQHandler                         0x080002fb   Thumb Code     0  startup_stm32f401xc.o(.text)
    EXTI9_5_IRQHandler                       0x080002fb   Thumb Code     0  startup_stm32f401xc.o(.text)
    FLASH_IRQHandler                         0x080002fb   Thumb Code     0  startup_stm32f401xc.o(.text)
    FPU_IRQHandler                           0x080002fb   Thumb Code     0  startup_stm32f401xc.o(.text)
    I2C1_ER_IRQHandler                       0x080002fb   Thumb Code     0  startup_stm32f401xc.o(.text)
    I2C1_EV_IRQHandler                       0x080002fb   Thumb Code     0  startup_stm32f401xc.o(.text)
    I2C2_ER_IRQHandler                       0x080002fb   Thumb Code     0  startup_stm32f401xc.o(.text)
    I2C2_EV_IRQHandler                       0x080002fb   Thumb Code     0  startup_stm32f401xc.o(.text)
    I2C3_ER_IRQHandler                       0x080002fb   Thumb Code     0  startup_stm32f401xc.o(.text)
    I2C3_EV_IRQHandler                       0x080002fb   Thumb Code     0  startup_stm32f401xc.o(.text)
    OTG_FS_IRQHandler                        0x080002fb   Thumb Code     0  startup_stm32f401xc.o(.text)
    OTG_FS_WKUP_IRQHandler                   0x080002fb   Thumb Code     0  startup_stm32f401xc.o(.text)
    PVD_IRQHandler                           0x080002fb   Thumb Code     0  startup_stm32f401xc.o(.text)
    RCC_IRQHandler                           0x080002fb   Thumb Code     0  startup_stm32f401xc.o(.text)
    RTC_Alarm_IRQHandler                     0x080002fb   Thumb Code     0  startup_stm32f401xc.o(.text)
    RTC_WKUP_IRQHandler                      0x080002fb   Thumb Code     0  startup_stm32f401xc.o(.text)
    SDIO_IRQHandler                          0x080002fb   Thumb Code     0  startup_stm32f401xc.o(.text)
    SPI1_IRQHandler                          0x080002fb   Thumb Code     0  startup_stm32f401xc.o(.text)
    SPI2_IRQHandler                          0x080002fb   Thumb Code     0  startup_stm32f401xc.o(.text)
    SPI3_IRQHandler                          0x080002fb   Thumb Code     0  startup_stm32f401xc.o(.text)
    SPI4_IRQHandler                          0x080002fb   Thumb Code     0  startup_stm32f401xc.o(.text)
    TAMP_STAMP_IRQHandler                    0x080002fb   Thumb Code     0  startup_stm32f401xc.o(.text)
    TIM1_BRK_TIM9_IRQHandler                 0x080002fb   Thumb Code     0  startup_stm32f401xc.o(.text)
    TIM1_CC_IRQHandler                       0x080002fb   Thumb Code     0  startup_stm32f401xc.o(.text)
    TIM1_TRG_COM_TIM11_IRQHandler            0x080002fb   Thumb Code     0  startup_stm32f401xc.o(.text)
    TIM1_UP_TIM10_IRQHandler                 0x080002fb   Thumb Code     0  startup_stm32f401xc.o(.text)
    TIM2_IRQHandler                          0x080002fb   Thumb Code     0  startup_stm32f401xc.o(.text)
    TIM3_IRQHandler                          0x080002fb   Thumb Code     0  startup_stm32f401xc.o(.text)
    TIM4_IRQHandler                          0x080002fb   Thumb Code     0  startup_stm32f401xc.o(.text)
    TIM5_IRQHandler                          0x080002fb   Thumb Code     0  startup_stm32f401xc.o(.text)
    USART1_IRQHandler                        0x080002fb   Thumb Code     0  startup_stm32f401xc.o(.text)
    USART6_IRQHandler                        0x080002fb   Thumb Code     0  startup_stm32f401xc.o(.text)
    WWDG_IRQHandler                          0x080002fb   Thumb Code     0  startup_stm32f401xc.o(.text)
    __user_initial_stackheap                 0x080002fd   Thumb Code     0  startup_stm32f401xc.o(.text)
    __aeabi_uldivmod                         0x08000321   Thumb Code     0  lludivv7m.o(.text)
    _ll_udiv                                 0x08000321   Thumb Code   238  lludivv7m.o(.text)
    vsnprintf                                0x08000411   Thumb Code    48  vsnprintf.o(.text)
    strlen                                   0x08000445   Thumb Code    62  strlen.o(.text)
    strncmp                                  0x08000483   Thumb Code   150  strncmp.o(.text)
    __aeabi_memcpy4                          0x08000519   Thumb Code     0  rt_memcpy_w.o(.text)
    __aeabi_memcpy8                          0x08000519   Thumb Code     0  rt_memcpy_w.o(.text)
    __rt_memcpy_w                            0x08000519   Thumb Code   100  rt_memcpy_w.o(.text)
    _memcpy_lastbytes_aligned                0x08000561   Thumb Code     0  rt_memcpy_w.o(.text)
    __aeabi_memclr4                          0x0800057d   Thumb Code     0  rt_memclr_w.o(.text)
    __aeabi_memclr8                          0x0800057d   Thumb Code     0  rt_memclr_w.o(.text)
    __rt_memclr_w                            0x0800057d   Thumb Code    78  rt_memclr_w.o(.text)
    _memset_w                                0x08000581   Thumb Code     0  rt_memclr_w.o(.text)
    strcmp                                   0x080005cd   Thumb Code   128  strcmpv7m.o(.text)
    __use_two_region_memory                  0x0800064d   Thumb Code     2  heapauxi.o(.text)
    __rt_heap_escrow$2region                 0x0800064f   Thumb Code     2  heapauxi.o(.text)
    __rt_heap_expand$2region                 0x08000651   Thumb Code     2  heapauxi.o(.text)
    _printf_pre_padding                      0x08000653   Thumb Code    44  _printf_pad.o(.text)
    _printf_post_padding                     0x0800067f   Thumb Code    34  _printf_pad.o(.text)
    _printf_truncate_signed                  0x080006a1   Thumb Code    18  _printf_truncate.o(.text)
    _printf_truncate_unsigned                0x080006b3   Thumb Code    18  _printf_truncate.o(.text)
    _printf_str                              0x080006c5   Thumb Code    82  _printf_str.o(.text)
    _printf_int_dec                          0x08000719   Thumb Code   104  _printf_dec.o(.text)
    _printf_charcount                        0x08000791   Thumb Code    40  _printf_charcount.o(.text)
    _printf_char_common                      0x080007c3   Thumb Code    32  _printf_char_common.o(.text)
    _sputc                                   0x080007e9   Thumb Code    10  _sputc.o(.text)
    _snputc                                  0x080007f3   Thumb Code    16  _snputc.o(.text)
    _printf_wctomb                           0x08000805   Thumb Code   182  _printf_wctomb.o(.text)
    _printf_longlong_dec                     0x080008c1   Thumb Code   108  _printf_longlong_dec.o(.text)
    _printf_longlong_oct                     0x0800093d   Thumb Code    66  _printf_oct_int_ll.o(.text)
    _printf_int_oct                          0x0800097f   Thumb Code    24  _printf_oct_int_ll.o(.text)
    _printf_ll_oct                           0x08000997   Thumb Code    12  _printf_oct_int_ll.o(.text)
    _printf_longlong_hex                     0x080009ad   Thumb Code    86  _printf_hex_int_ll_ptr.o(.text)
    _printf_int_hex                          0x08000a03   Thumb Code    28  _printf_hex_int_ll_ptr.o(.text)
    _printf_ll_hex                           0x08000a1f   Thumb Code    12  _printf_hex_int_ll_ptr.o(.text)
    _printf_hex_ptr                          0x08000a2b   Thumb Code    18  _printf_hex_int_ll_ptr.o(.text)
    __printf                                 0x08000a41   Thumb Code   388  __printf_flags_ss_wp.o(.text)
    _ll_udiv10                               0x08000bc9   Thumb Code   138  lludiv10.o(.text)
    _printf_int_common                       0x08000c53   Thumb Code   178  _printf_intcommon.o(.text)
    __lib_sel_fp_printf                      0x08000d05   Thumb Code     2  _printf_fp_dec.o(.text)
    _printf_fp_dec_real                      0x08000eb7   Thumb Code   620  _printf_fp_dec.o(.text)
    _printf_fp_hex_real                      0x08001125   Thumb Code   756  _printf_fp_hex.o(.text)
    _printf_cs_common                        0x08001421   Thumb Code    20  _printf_char.o(.text)
    _printf_char                             0x08001435   Thumb Code    16  _printf_char.o(.text)
    _printf_string                           0x08001445   Thumb Code     8  _printf_char.o(.text)
    _printf_lcs_common                       0x0800144d   Thumb Code    20  _printf_wchar.o(.text)
    _printf_wchar                            0x08001461   Thumb Code    16  _printf_wchar.o(.text)
    _printf_wstring                          0x08001471   Thumb Code     8  _printf_wchar.o(.text)
    _wcrtomb                                 0x08001479   Thumb Code    64  _wcrtomb.o(.text)
    __user_setup_stackheap                   0x080014b9   Thumb Code    74  sys_stackheap_outer.o(.text)
    __rt_ctype_table                         0x08001505   Thumb Code    16  rt_ctype_table.o(.text)
    __rt_locale                              0x08001515   Thumb Code     8  rt_locale_intlibspace.o(.text)
    _printf_fp_infnan                        0x0800151d   Thumb Code   112  _printf_fp_infnan.o(.text)
    _btod_etento                             0x0800159d   Thumb Code   224  bigflt0.o(.text)
    exit                                     0x08001681   Thumb Code    18  exit.o(.text)
    __user_libspace                          0x08001695   Thumb Code     8  libspace.o(.text)
    __user_perproc_libspace                  0x08001695   Thumb Code     0  libspace.o(.text)
    __user_perthread_libspace                0x08001695   Thumb Code     0  libspace.o(.text)
    _sys_exit                                0x0800169d   Thumb Code     8  sys_exit.o(.text)
    __I$use$semihosting                      0x080016a9   Thumb Code     0  use_no_semi.o(.text)
    __use_no_semihosting_swi                 0x080016a9   Thumb Code     2  use_no_semi.o(.text)
    __semihosting_library_function           0x080016ab   Thumb Code     0  indicate_semi.o(.text)
    _btod_d2e                                0x080016ab   Thumb Code    62  btod.o(CL$$btod_d2e)
    _d2e_denorm_low                          0x080016e9   Thumb Code    70  btod.o(CL$$btod_d2e_denorm_low)
    _d2e_norm_op1                            0x0800172f   Thumb Code    96  btod.o(CL$$btod_d2e_norm_op1)
    __btod_div_common                        0x0800178f   Thumb Code   696  btod.o(CL$$btod_div_common)
    _e2e                                     0x08001ac7   Thumb Code   220  btod.o(CL$$btod_e2e)
    _btod_ediv                               0x08001ba3   Thumb Code    42  btod.o(CL$$btod_ediv)
    _btod_emul                               0x08001bcd   Thumb Code    42  btod.o(CL$$btod_emul)
    __btod_mult_common                       0x08001bf7   Thumb Code   580  btod.o(CL$$btod_mult_common)
    BusFault_Handler                         0x08001e3b   Thumb Code     2  stm32f4xx_it.o(i.BusFault_Handler)
    DebugMon_Handler                         0x08001e3d   Thumb Code     2  stm32f4xx_it.o(i.DebugMon_Handler)
    Error_Handler                            0x08001e3f   Thumb Code     4  main.o(i.Error_Handler)
    HAL_DMA_Abort                            0x08001e43   Thumb Code   146  stm32f4xx_hal_dma.o(i.HAL_DMA_Abort)
    HAL_DMA_Abort_IT                         0x08001ed5   Thumb Code    36  stm32f4xx_hal_dma.o(i.HAL_DMA_Abort_IT)
    HAL_GPIO_Init                            0x08001ef9   Thumb Code   446  stm32f4xx_hal_gpio.o(i.HAL_GPIO_Init)
    HAL_GPIO_TogglePin                       0x080020d9   Thumb Code    16  stm32f4xx_hal_gpio.o(i.HAL_GPIO_TogglePin)
    HAL_GPIO_WritePin                        0x080020e9   Thumb Code    10  stm32f4xx_hal_gpio.o(i.HAL_GPIO_WritePin)
    HAL_GetTick                              0x080020f5   Thumb Code     6  stm32f4xx_hal.o(i.HAL_GetTick)
    HAL_IncTick                              0x08002101   Thumb Code    12  stm32f4xx_hal.o(i.HAL_IncTick)
    HAL_Init                                 0x08002111   Thumb Code    48  stm32f4xx_hal.o(i.HAL_Init)
    HAL_InitTick                             0x08002145   Thumb Code    54  stm32f4xx_hal.o(i.HAL_InitTick)
    HAL_MspInit                              0x08002185   Thumb Code    42  stm32f4xx_hal_msp.o(i.HAL_MspInit)
    HAL_NVIC_EnableIRQ                       0x080021b5   Thumb Code    26  stm32f4xx_hal_cortex.o(i.HAL_NVIC_EnableIRQ)
    HAL_NVIC_SetPriority                     0x080021d1   Thumb Code    60  stm32f4xx_hal_cortex.o(i.HAL_NVIC_SetPriority)
    HAL_NVIC_SetPriorityGrouping             0x08002211   Thumb Code    26  stm32f4xx_hal_cortex.o(i.HAL_NVIC_SetPriorityGrouping)
    HAL_RCC_ClockConfig                      0x08002235   Thumb Code   288  stm32f4xx_hal_rcc.o(i.HAL_RCC_ClockConfig)
    HAL_RCC_GetPCLK1Freq                     0x08002369   Thumb Code    20  stm32f4xx_hal_rcc.o(i.HAL_RCC_GetPCLK1Freq)
    HAL_RCC_GetPCLK2Freq                     0x08002389   Thumb Code    20  stm32f4xx_hal_rcc.o(i.HAL_RCC_GetPCLK2Freq)
    HAL_RCC_GetSysClockFreq                  0x080023a9   Thumb Code    88  stm32f4xx_hal_rcc.o(i.HAL_RCC_GetSysClockFreq)
    HAL_RCC_OscConfig                        0x0800240d   Thumb Code   856  stm32f4xx_hal_rcc.o(i.HAL_RCC_OscConfig)
    HAL_SYSTICK_Config                       0x08002779   Thumb Code    40  stm32f4xx_hal_cortex.o(i.HAL_SYSTICK_Config)
    HAL_UARTEx_RxEventCallback               0x080027a1   Thumb Code     2  stm32f4xx_hal_uart.o(i.HAL_UARTEx_RxEventCallback)
    HAL_UART_ErrorCallback                   0x080027a3   Thumb Code     2  stm32f4xx_hal_uart.o(i.HAL_UART_ErrorCallback)
    HAL_UART_IRQHandler                      0x080027a5   Thumb Code   636  stm32f4xx_hal_uart.o(i.HAL_UART_IRQHandler)
    HAL_UART_Init                            0x08002a25   Thumb Code   100  stm32f4xx_hal_uart.o(i.HAL_UART_Init)
    HAL_UART_MspInit                         0x08002a89   Thumb Code   108  usart.o(i.HAL_UART_MspInit)
    HAL_UART_Receive_IT                      0x08002b01   Thumb Code    28  stm32f4xx_hal_uart.o(i.HAL_UART_Receive_IT)
    HAL_UART_RxCpltCallback                  0x08002b1d   Thumb Code    92  usart.o(i.HAL_UART_RxCpltCallback)
    HAL_UART_Transmit                        0x08002b85   Thumb Code   160  stm32f4xx_hal_uart.o(i.HAL_UART_Transmit)
    HAL_UART_TxCpltCallback                  0x08002c25   Thumb Code     2  stm32f4xx_hal_uart.o(i.HAL_UART_TxCpltCallback)
    HardFault_Handler                        0x08002c27   Thumb Code     2  stm32f4xx_it.o(i.HardFault_Handler)
    MX_GPIO_Init                             0x08002c29   Thumb Code    86  gpio.o(i.MX_GPIO_Init)
    MX_USART2_UART_Init                      0x08002c89   Thumb Code    64  usart.o(i.MX_USART2_UART_Init)
    MemManage_Handler                        0x08002cd5   Thumb Code     2  stm32f4xx_it.o(i.MemManage_Handler)
    NMI_Handler                              0x08002cd7   Thumb Code     2  stm32f4xx_it.o(i.NMI_Handler)
    PendSV_Handler                           0x08002cd9   Thumb Code     2  stm32f4xx_it.o(i.PendSV_Handler)
    SVC_Handler                              0x08002cdb   Thumb Code     2  stm32f4xx_it.o(i.SVC_Handler)
    SysTick_Handler                          0x08002cdd   Thumb Code     4  stm32f4xx_it.o(i.SysTick_Handler)
    SystemClock_Config                       0x08002ce1   Thumb Code   120  main.o(i.SystemClock_Config)
    SystemInit                               0x08002d61   Thumb Code    12  system_stm32f4xx.o(i.SystemInit)
    UART_Start_Receive_IT                    0x08002f9d   Thumb Code    54  stm32f4xx_hal_uart.o(i.UART_Start_Receive_IT)
    USART2_IRQHandler                        0x08003045   Thumb Code     6  stm32f4xx_it.o(i.USART2_IRQHandler)
    UsageFault_Handler                       0x08003051   Thumb Code     2  stm32f4xx_it.o(i.UsageFault_Handler)
    __ARM_fpclassify                         0x08003053   Thumb Code    48  fpclassify.o(i.__ARM_fpclassify)
    _is_digit                                0x080030a3   Thumb Code    14  __printf_wp.o(i._is_digit)
    main                                     0x080030b1   Thumb Code    68  main.o(i.main)
    uart_banner                              0x080030fd   Thumb Code    30  usart.o(i.uart_banner)
    uart_poll                                0x08003321   Thumb Code    80  usart.o(i.uart_poll)
    uart_printf                              0x08003385   Thumb Code    48  usart.o(i.uart_printf)
    uart_puts                                0x080033b9   Thumb Code    30  usart.o(i.uart_puts)
    _get_lc_numeric                          0x080033dd   Thumb Code    44  lc_numeric_c.o(locale$$code)
    _get_lc_ctype                            0x08003409   Thumb Code    44  lc_ctype_c.o(locale$$code)
    _fp_init                                 0x08003435   Thumb Code    10  fpinit.o(x$fpl$fpinit)
    __fplib_config_fpu_vfp                   0x0800343d   Thumb Code     0  fpinit.o(x$fpl$fpinit)
    __fplib_config_pureend_doubles           0x0800343d   Thumb Code     0  fpinit.o(x$fpl$fpinit)
    _printf_fp_dec                           0x0800343f   Thumb Code     4  printf1.o(x$fpl$printf1)
    _printf_fp_hex                           0x08003443   Thumb Code     4  printf2.o(x$fpl$printf2)
    AHBPrescTable                            0x08003446   Data          16  system_stm32f4xx.o(.constdata)
    __I$use$fp                               0x08003446   Number         0  usenofp.o(x$fpl$usenofp)
    APBPrescTable                            0x08003456   Data           8  system_stm32f4xx.o(.constdata)
    Region$$Table$$Base                      0x080035a0   Number         0  anon$$obj.o(Region$$Table)
    Region$$Table$$Limit                     0x080035c0   Number         0  anon$$obj.o(Region$$Table)
    __ctype                                  0x080035e9   Data           0  lc_ctype_c.o(locale$$data)
    test_array                               0x20000000   Data          32  main.o(.data)
    uwTickFreq                               0x20000030   Data           1  stm32f4xx_hal.o(.data)
    uwTickPrio                               0x20000034   Data           4  stm32f4xx_hal.o(.data)
    uwTick                                   0x20000038   Data           4  stm32f4xx_hal.o(.data)
    SystemCoreClock                          0x2000003c   Data           4  system_stm32f4xx.o(.data)
    huart2                                   0x20000040   Data          72  usart.o(.bss)
    __libspace_start                         0x200000c8   Data          96  libspace.o(.bss)
    __temporary_stack_top$libspace           0x20000128   Data           0  libspace.o(.bss)



==============================================================================

Memory Map of the image

  Image Entry point : 0x08000195

  Load Region LR_IROM1 (Base: 0x08000000, Size: 0x0000372c, Max: 0x00040000, ABSOLUTE)

    Execution Region ER_IROM1 (Exec base: 0x08000000, Load base: 0x08000000, Size: 0x000036ec, Max: 0x00040000, ABSOLUTE)

    Exec Addr    Load Addr    Size         Type   Attr      Idx    E Section Name        Object

    0x08000000   0x08000000   0x00000194   Data   RO            3    RESET               startup_stm32f401xc.o
    0x08000194   0x08000194   0x00000008   Code   RO         1995  * !!!main             c_w.l(__main.o)
    0x0800019c   0x0800019c   0x00000034   Code   RO         2328    !!!scatter          c_w.l(__scatter.o)
    0x080001d0   0x080001d0   0x0000001a   Code   RO         2330    !!handler_copy      c_w.l(__scatter_copy.o)
    0x080001ea   0x080001ea   0x00000002   PAD
    0x080001ec   0x080001ec   0x0000001c   Code   RO         2332    !!handler_zi        c_w.l(__scatter_zi.o)
    0x08000208   0x08000208   0x00000000   Code   RO         2085    .ARM.Collect$$_printf_percent$$00000000  c_w.l(_printf_percent.o)
    0x08000208   0x08000208   0x00000006   Code   RO         2074    .ARM.Collect$$_printf_percent$$00000001  c_w.l(_printf_n.o)
    0x0800020e   0x0800020e   0x00000006   Code   RO         2076    .ARM.Collect$$_printf_percent$$00000002  c_w.l(_printf_p.o)
    0x08000214   0x08000214   0x00000006   Code   RO         2081    .ARM.Collect$$_printf_percent$$00000003  c_w.l(_printf_f.o)
    0x0800021a   0x0800021a   0x00000006   Code   RO         2082    .ARM.Collect$$_printf_percent$$00000004  c_w.l(_printf_e.o)
    0x08000220   0x08000220   0x00000006   Code   RO         2083    .ARM.Collect$$_printf_percent$$00000005  c_w.l(_printf_g.o)
    0x08000226   0x08000226   0x00000006   Code   RO         2084    .ARM.Collect$$_printf_percent$$00000006  c_w.l(_printf_a.o)
    0x0800022c   0x0800022c   0x0000000a   Code   RO         2089    .ARM.Collect$$_printf_percent$$00000007  c_w.l(_printf_ll.o)
    0x08000236   0x08000236   0x00000006   Code   RO         2078    .ARM.Collect$$_printf_percent$$00000008  c_w.l(_printf_i.o)
    0x0800023c   0x0800023c   0x00000006   Code   RO         2079    .ARM.Collect$$_printf_percent$$00000009  c_w.l(_printf_d.o)
    0x08000242   0x08000242   0x00000006   Code   RO         2080    .ARM.Collect$$_printf_percent$$0000000A  c_w.l(_printf_u.o)
    0x08000248   0x08000248   0x00000006   Code   RO         2077    .ARM.Collect$$_printf_percent$$0000000B  c_w.l(_printf_o.o)
    0x0800024e   0x0800024e   0x00000006   Code   RO         2075    .ARM.Collect$$_printf_percent$$0000000C  c_w.l(_printf_x.o)
    0x08000254   0x08000254   0x00000006   Code   RO         2086    .ARM.Collect$$_printf_percent$$0000000D  c_w.l(_printf_lli.o)
    0x0800025a   0x0800025a   0x00000006   Code   RO         2087    .ARM.Collect$$_printf_percent$$0000000E  c_w.l(_printf_lld.o)
    0x08000260   0x08000260   0x00000006   Code   RO         2088    .ARM.Collect$$_printf_percent$$0000000F  c_w.l(_printf_llu.o)
    0x08000266   0x08000266   0x00000006   Code   RO         2093    .ARM.Collect$$_printf_percent$$00000010  c_w.l(_printf_llo.o)
    0x0800026c   0x0800026c   0x00000006   Code   RO         2094    .ARM.Collect$$_printf_percent$$00000011  c_w.l(_printf_llx.o)
    0x08000272   0x08000272   0x0000000a   Code   RO         2090    .ARM.Collect$$_printf_percent$$00000012  c_w.l(_printf_l.o)
    0x0800027c   0x0800027c   0x00000006   Code   RO         2072    .ARM.Collect$$_printf_percent$$00000013  c_w.l(_printf_c.o)
    0x08000282   0x08000282   0x00000006   Code   RO         2073    .ARM.Collect$$_printf_percent$$00000014  c_w.l(_printf_s.o)
    0x08000288   0x08000288   0x00000006   Code   RO         2091    .ARM.Collect$$_printf_percent$$00000015  c_w.l(_printf_lc.o)
    0x0800028e   0x0800028e   0x00000006   Code   RO         2092    .ARM.Collect$$_printf_percent$$00000016  c_w.l(_printf_ls.o)
    0x08000294   0x08000294   0x00000004   Code   RO         2135    .ARM.Collect$$_printf_percent$$00000017  c_w.l(_printf_percent_end.o)
    0x08000298   0x08000298   0x00000002   Code   RO         2188    .ARM.Collect$$libinit$$00000000  c_w.l(libinit.o)
    0x0800029a   0x0800029a   0x00000004   Code   RO         2208    .ARM.Collect$$libinit$$00000001  c_w.l(libinit2.o)
    0x0800029e   0x0800029e   0x00000000   Code   RO         2211    .ARM.Collect$$libinit$$00000004  c_w.l(libinit2.o)
    0x0800029e   0x0800029e   0x00000000   Code   RO         2214    .ARM.Collect$$libinit$$0000000A  c_w.l(libinit2.o)
    0x0800029e   0x0800029e   0x00000000   Code   RO         2216    .ARM.Collect$$libinit$$0000000C  c_w.l(libinit2.o)
    0x0800029e   0x0800029e   0x00000000   Code   RO         2218    .ARM.Collect$$libinit$$0000000E  c_w.l(libinit2.o)
    0x0800029e   0x0800029e   0x00000006   Code   RO         2219    .ARM.Collect$$libinit$$0000000F  c_w.l(libinit2.o)
    0x080002a4   0x080002a4   0x00000000   Code   RO         2221    .ARM.Collect$$libinit$$00000011  c_w.l(libinit2.o)
    0x080002a4   0x080002a4   0x0000000c   Code   RO         2222    .ARM.Collect$$libinit$$00000012  c_w.l(libinit2.o)
    0x080002b0   0x080002b0   0x00000000   Code   RO         2223    .ARM.Collect$$libinit$$00000013  c_w.l(libinit2.o)
    0x080002b0   0x080002b0   0x00000000   Code   RO         2225    .ARM.Collect$$libinit$$00000015  c_w.l(libinit2.o)
    0x080002b0   0x080002b0   0x0000000a   Code   RO         2226    .ARM.Collect$$libinit$$00000016  c_w.l(libinit2.o)
    0x080002ba   0x080002ba   0x00000000   Code   RO         2227    .ARM.Collect$$libinit$$00000017  c_w.l(libinit2.o)
    0x080002ba   0x080002ba   0x00000000   Code   RO         2229    .ARM.Collect$$libinit$$00000019  c_w.l(libinit2.o)
    0x080002ba   0x080002ba   0x00000000   Code   RO         2231    .ARM.Collect$$libinit$$0000001B  c_w.l(libinit2.o)
    0x080002ba   0x080002ba   0x00000000   Code   RO         2233    .ARM.Collect$$libinit$$0000001D  c_w.l(libinit2.o)
    0x080002ba   0x080002ba   0x00000000   Code   RO         2235    .ARM.Collect$$libinit$$0000001F  c_w.l(libinit2.o)
    0x080002ba   0x080002ba   0x00000000   Code   RO         2237    .ARM.Collect$$libinit$$00000021  c_w.l(libinit2.o)
    0x080002ba   0x080002ba   0x00000000   Code   RO         2239    .ARM.Collect$$libinit$$00000023  c_w.l(libinit2.o)
    0x080002ba   0x080002ba   0x00000000   Code   RO         2241    .ARM.Collect$$libinit$$00000025  c_w.l(libinit2.o)
    0x080002ba   0x080002ba   0x00000000   Code   RO         2245    .ARM.Collect$$libinit$$0000002C  c_w.l(libinit2.o)
    0x080002ba   0x080002ba   0x00000000   Code   RO         2247    .ARM.Collect$$libinit$$0000002E  c_w.l(libinit2.o)
    0x080002ba   0x080002ba   0x00000000   Code   RO         2249    .ARM.Collect$$libinit$$00000030  c_w.l(libinit2.o)
    0x080002ba   0x080002ba   0x00000000   Code   RO         2251    .ARM.Collect$$libinit$$00000032  c_w.l(libinit2.o)
    0x080002ba   0x080002ba   0x00000002   Code   RO         2252    .ARM.Collect$$libinit$$00000033  c_w.l(libinit2.o)
    0x080002bc   0x080002bc   0x00000002   Code   RO         2283    .ARM.Collect$$libshutdown$$00000000  c_w.l(libshutdown.o)
    0x080002be   0x080002be   0x00000000   Code   RO         2309    .ARM.Collect$$libshutdown$$00000002  c_w.l(libshutdown2.o)
    0x080002be   0x080002be   0x00000000   Code   RO         2311    .ARM.Collect$$libshutdown$$00000004  c_w.l(libshutdown2.o)
    0x080002be   0x080002be   0x00000000   Code   RO         2313    .ARM.Collect$$libshutdown$$00000006  c_w.l(libshutdown2.o)
    0x080002be   0x080002be   0x00000000   Code   RO         2316    .ARM.Collect$$libshutdown$$00000009  c_w.l(libshutdown2.o)
    0x080002be   0x080002be   0x00000000   Code   RO         2319    .ARM.Collect$$libshutdown$$0000000C  c_w.l(libshutdown2.o)
    0x080002be   0x080002be   0x00000000   Code   RO         2321    .ARM.Collect$$libshutdown$$0000000E  c_w.l(libshutdown2.o)
    0x080002be   0x080002be   0x00000000   Code   RO         2324    .ARM.Collect$$libshutdown$$00000011  c_w.l(libshutdown2.o)
    0x080002be   0x080002be   0x00000002   Code   RO         2325    .ARM.Collect$$libshutdown$$00000012  c_w.l(libshutdown2.o)
    0x080002c0   0x080002c0   0x00000000   Code   RO         1997    .ARM.Collect$$rtentry$$00000000  c_w.l(__rtentry.o)
    0x080002c0   0x080002c0   0x00000000   Code   RO         2104    .ARM.Collect$$rtentry$$00000002  c_w.l(__rtentry2.o)
    0x080002c0   0x080002c0   0x00000006   Code   RO         2116    .ARM.Collect$$rtentry$$00000004  c_w.l(__rtentry4.o)
    0x080002c6   0x080002c6   0x00000000   Code   RO         2106    .ARM.Collect$$rtentry$$00000009  c_w.l(__rtentry2.o)
    0x080002c6   0x080002c6   0x00000004   Code   RO         2107    .ARM.Collect$$rtentry$$0000000A  c_w.l(__rtentry2.o)
    0x080002ca   0x080002ca   0x00000000   Code   RO         2109    .ARM.Collect$$rtentry$$0000000C  c_w.l(__rtentry2.o)
    0x080002ca   0x080002ca   0x00000008   Code   RO         2110    .ARM.Collect$$rtentry$$0000000D  c_w.l(__rtentry2.o)
    0x080002d2   0x080002d2   0x00000002   Code   RO         2197    .ARM.Collect$$rtexit$$00000000  c_w.l(rtexit.o)
    0x080002d4   0x080002d4   0x00000000   Code   RO         2256    .ARM.Collect$$rtexit$$00000002  c_w.l(rtexit2.o)
    0x080002d4   0x080002d4   0x00000004   Code   RO         2257    .ARM.Collect$$rtexit$$00000003  c_w.l(rtexit2.o)
    0x080002d8   0x080002d8   0x00000006   Code   RO         2258    .ARM.Collect$$rtexit$$00000004  c_w.l(rtexit2.o)
    0x080002de   0x080002de   0x00000002   PAD
    0x080002e0   0x080002e0   0x00000040   Code   RO            4    .text               startup_stm32f401xc.o
    0x08000320   0x08000320   0x000000ee   Code   RO         1979    .text               c_w.l(lludivv7m.o)
    0x0800040e   0x0800040e   0x00000002   PAD
    0x08000410   0x08000410   0x00000034   Code   RO         1981    .text               c_w.l(vsnprintf.o)
    0x08000444   0x08000444   0x0000003e   Code   RO         1983    .text               c_w.l(strlen.o)
    0x08000482   0x08000482   0x00000096   Code   RO         1985    .text               c_w.l(strncmp.o)
    0x08000518   0x08000518   0x00000064   Code   RO         1987    .text               c_w.l(rt_memcpy_w.o)
    0x0800057c   0x0800057c   0x0000004e   Code   RO         1989    .text               c_w.l(rt_memclr_w.o)
    0x080005ca   0x080005ca   0x00000002   PAD
    0x080005cc   0x080005cc   0x00000080   Code   RO         1991    .text               c_w.l(strcmpv7m.o)
    0x0800064c   0x0800064c   0x00000006   Code   RO         1993    .text               c_w.l(heapauxi.o)
    0x08000652   0x08000652   0x0000004e   Code   RO         2004    .text               c_w.l(_printf_pad.o)
    0x080006a0   0x080006a0   0x00000024   Code   RO         2006    .text               c_w.l(_printf_truncate.o)
    0x080006c4   0x080006c4   0x00000052   Code   RO         2008    .text               c_w.l(_printf_str.o)
    0x08000716   0x08000716   0x00000002   PAD
    0x08000718   0x08000718   0x00000078   Code   RO         2010    .text               c_w.l(_printf_dec.o)
    0x08000790   0x08000790   0x00000028   Code   RO         2012    .text               c_w.l(_printf_charcount.o)
    0x080007b8   0x080007b8   0x00000030   Code   RO         2014    .text               c_w.l(_printf_char_common.o)
    0x080007e8   0x080007e8   0x0000000a   Code   RO         2016    .text               c_w.l(_sputc.o)
    0x080007f2   0x080007f2   0x00000010   Code   RO         2018    .text               c_w.l(_snputc.o)
    0x08000802   0x08000802   0x00000002   PAD
    0x08000804   0x08000804   0x000000bc   Code   RO         2020    .text               c_w.l(_printf_wctomb.o)
    0x080008c0   0x080008c0   0x0000007c   Code   RO         2023    .text               c_w.l(_printf_longlong_dec.o)
    0x0800093c   0x0800093c   0x00000070   Code   RO         2029    .text               c_w.l(_printf_oct_int_ll.o)
    0x080009ac   0x080009ac   0x00000094   Code   RO         2049    .text               c_w.l(_printf_hex_int_ll_ptr.o)
    0x08000a40   0x08000a40   0x00000188   Code   RO         2069    .text               c_w.l(__printf_flags_ss_wp.o)
    0x08000bc8   0x08000bc8   0x0000008a   Code   RO         2120    .text               c_w.l(lludiv10.o)
    0x08000c52   0x08000c52   0x000000b2   Code   RO         2122    .text               c_w.l(_printf_intcommon.o)
    0x08000d04   0x08000d04   0x0000041e   Code   RO         2124    .text               c_w.l(_printf_fp_dec.o)
    0x08001122   0x08001122   0x00000002   PAD
    0x08001124   0x08001124   0x000002fc   Code   RO         2126    .text               c_w.l(_printf_fp_hex.o)
    0x08001420   0x08001420   0x0000002c   Code   RO         2131    .text               c_w.l(_printf_char.o)
    0x0800144c   0x0800144c   0x0000002c   Code   RO         2133    .text               c_w.l(_printf_wchar.o)
    0x08001478   0x08001478   0x00000040   Code   RO         2136    .text               c_w.l(_wcrtomb.o)
    0x080014b8   0x080014b8   0x0000004a   Code   RO         2138    .text               c_w.l(sys_stackheap_outer.o)
    0x08001502   0x08001502   0x00000002   PAD
    0x08001504   0x08001504   0x00000010   Code   RO         2140    .text               c_w.l(rt_ctype_table.o)
    0x08001514   0x08001514   0x00000008   Code   RO         2145    .text               c_w.l(rt_locale_intlibspace.o)
    0x0800151c   0x0800151c   0x00000080   Code   RO         2147    .text               c_w.l(_printf_fp_infnan.o)
    0x0800159c   0x0800159c   0x000000e4   Code   RO         2149    .text               c_w.l(bigflt0.o)
    0x08001680   0x08001680   0x00000012   Code   RO         2177    .text               c_w.l(exit.o)
    0x08001692   0x08001692   0x00000002   PAD
    0x08001694   0x08001694   0x00000008   Code   RO         2194    .text               c_w.l(libspace.o)
    0x0800169c   0x0800169c   0x0000000c   Code   RO         2253    .text               c_w.l(sys_exit.o)
    0x080016a8   0x080016a8   0x00000002   Code   RO         2272    .text               c_w.l(use_no_semi.o)
    0x080016aa   0x080016aa   0x00000000   Code   RO         2274    .text               c_w.l(indicate_semi.o)
    0x080016aa   0x080016aa   0x0000003e   Code   RO         2152    CL$$btod_d2e        c_w.l(btod.o)
    0x080016e8   0x080016e8   0x00000046   Code   RO         2154    CL$$btod_d2e_denorm_low  c_w.l(btod.o)
    0x0800172e   0x0800172e   0x00000060   Code   RO         2153    CL$$btod_d2e_norm_op1  c_w.l(btod.o)
    0x0800178e   0x0800178e   0x00000338   Code   RO         2162    CL$$btod_div_common  c_w.l(btod.o)
    0x08001ac6   0x08001ac6   0x000000dc   Code   RO         2159    CL$$btod_e2e        c_w.l(btod.o)
    0x08001ba2   0x08001ba2   0x0000002a   Code   RO         2156    CL$$btod_ediv       c_w.l(btod.o)
    0x08001bcc   0x08001bcc   0x0000002a   Code   RO         2155    CL$$btod_emul       c_w.l(btod.o)
    0x08001bf6   0x08001bf6   0x00000244   Code   RO         2161    CL$$btod_mult_common  c_w.l(btod.o)
    0x08001e3a   0x08001e3a   0x00000002   Code   RO          174    i.BusFault_Handler  stm32f4xx_it.o
    0x08001e3c   0x08001e3c   0x00000002   Code   RO          175    i.DebugMon_Handler  stm32f4xx_it.o
    0x08001e3e   0x08001e3e   0x00000004   Code   RO           13    i.Error_Handler     main.o
    0x08001e42   0x08001e42   0x00000092   Code   RO          867    i.HAL_DMA_Abort     stm32f4xx_hal_dma.o
    0x08001ed4   0x08001ed4   0x00000024   Code   RO          868    i.HAL_DMA_Abort_IT  stm32f4xx_hal_dma.o
    0x08001ef8   0x08001ef8   0x000001e0   Code   RO          760    i.HAL_GPIO_Init     stm32f4xx_hal_gpio.o
    0x080020d8   0x080020d8   0x00000010   Code   RO          763    i.HAL_GPIO_TogglePin  stm32f4xx_hal_gpio.o
    0x080020e8   0x080020e8   0x0000000a   Code   RO          764    i.HAL_GPIO_WritePin  stm32f4xx_hal_gpio.o
    0x080020f2   0x080020f2   0x00000002   PAD
    0x080020f4   0x080020f4   0x0000000c   Code   RO         1334    i.HAL_GetTick       stm32f4xx_hal.o
    0x08002100   0x08002100   0x00000010   Code   RO         1340    i.HAL_IncTick       stm32f4xx_hal.o
    0x08002110   0x08002110   0x00000034   Code   RO         1341    i.HAL_Init          stm32f4xx_hal.o
    0x08002144   0x08002144   0x00000040   Code   RO         1342    i.HAL_InitTick      stm32f4xx_hal.o
    0x08002184   0x08002184   0x00000030   Code   RO          256    i.HAL_MspInit       stm32f4xx_hal_msp.o
    0x080021b4   0x080021b4   0x0000001a   Code   RO         1176    i.HAL_NVIC_EnableIRQ  stm32f4xx_hal_cortex.o
    0x080021ce   0x080021ce   0x00000002   PAD
    0x080021d0   0x080021d0   0x00000040   Code   RO         1182    i.HAL_NVIC_SetPriority  stm32f4xx_hal_cortex.o
    0x08002210   0x08002210   0x00000024   Code   RO         1183    i.HAL_NVIC_SetPriorityGrouping  stm32f4xx_hal_cortex.o
    0x08002234   0x08002234   0x00000134   Code   RO          382    i.HAL_RCC_ClockConfig  stm32f4xx_hal_rcc.o
    0x08002368   0x08002368   0x00000020   Code   RO          389    i.HAL_RCC_GetPCLK1Freq  stm32f4xx_hal_rcc.o
    0x08002388   0x08002388   0x00000020   Code   RO          390    i.HAL_RCC_GetPCLK2Freq  stm32f4xx_hal_rcc.o
    0x080023a8   0x080023a8   0x00000064   Code   RO          391    i.HAL_RCC_GetSysClockFreq  stm32f4xx_hal_rcc.o
    0x0800240c   0x0800240c   0x0000036c   Code   RO          394    i.HAL_RCC_OscConfig  stm32f4xx_hal_rcc.o
    0x08002778   0x08002778   0x00000028   Code   RO         1187    i.HAL_SYSTICK_Config  stm32f4xx_hal_cortex.o
    0x080027a0   0x080027a0   0x00000002   Code   RO         1591    i.HAL_UARTEx_RxEventCallback  stm32f4xx_hal_uart.o
    0x080027a2   0x080027a2   0x00000002   Code   RO         1605    i.HAL_UART_ErrorCallback  stm32f4xx_hal_uart.o
    0x080027a4   0x080027a4   0x00000280   Code   RO         1608    i.HAL_UART_IRQHandler  stm32f4xx_hal_uart.o
    0x08002a24   0x08002a24   0x00000064   Code   RO         1609    i.HAL_UART_Init     stm32f4xx_hal_uart.o
    0x08002a88   0x08002a88   0x00000078   Code   RO          281    i.HAL_UART_MspInit  usart.o
    0x08002b00   0x08002b00   0x0000001c   Code   RO         1614    i.HAL_UART_Receive_IT  stm32f4xx_hal_uart.o
    0x08002b1c   0x08002b1c   0x00000068   Code   RO          282    i.HAL_UART_RxCpltCallback  usart.o
    0x08002b84   0x08002b84   0x000000a0   Code   RO         1617    i.HAL_UART_Transmit  stm32f4xx_hal_uart.o
    0x08002c24   0x08002c24   0x00000002   Code   RO         1620    i.HAL_UART_TxCpltCallback  stm32f4xx_hal_uart.o
    0x08002c26   0x08002c26   0x00000002   Code   RO          176    i.HardFault_Handler  stm32f4xx_it.o
    0x08002c28   0x08002c28   0x00000060   Code   RO          150    i.MX_GPIO_Init      gpio.o
    0x08002c88   0x08002c88   0x0000004c   Code   RO          283    i.MX_USART2_UART_Init  usart.o
    0x08002cd4   0x08002cd4   0x00000002   Code   RO          177    i.MemManage_Handler  stm32f4xx_it.o
    0x08002cd6   0x08002cd6   0x00000002   Code   RO          178    i.NMI_Handler       stm32f4xx_it.o
    0x08002cd8   0x08002cd8   0x00000002   Code   RO          179    i.PendSV_Handler    stm32f4xx_it.o
    0x08002cda   0x08002cda   0x00000002   Code   RO          180    i.SVC_Handler       stm32f4xx_it.o
    0x08002cdc   0x08002cdc   0x00000004   Code   RO          181    i.SysTick_Handler   stm32f4xx_it.o
    0x08002ce0   0x08002ce0   0x00000080   Code   RO           14    i.SystemClock_Config  main.o
    0x08002d60   0x08002d60   0x00000010   Code   RO         1943    i.SystemInit        system_stm32f4xx.o
    0x08002d70   0x08002d70   0x0000000e   Code   RO         1622    i.UART_DMAAbortOnError  stm32f4xx_hal_uart.o
    0x08002d7e   0x08002d7e   0x0000004e   Code   RO         1632    i.UART_EndRxTransfer  stm32f4xx_hal_uart.o
    0x08002dcc   0x08002dcc   0x000000c2   Code   RO         1634    i.UART_Receive_IT   stm32f4xx_hal_uart.o
    0x08002e8e   0x08002e8e   0x00000002   PAD
    0x08002e90   0x08002e90   0x0000010c   Code   RO         1635    i.UART_SetConfig    stm32f4xx_hal_uart.o
    0x08002f9c   0x08002f9c   0x00000036   Code   RO         1637    i.UART_Start_Receive_IT  stm32f4xx_hal_uart.o
    0x08002fd2   0x08002fd2   0x00000072   Code   RO         1638    i.UART_WaitOnFlagUntilTimeout  stm32f4xx_hal_uart.o
    0x08003044   0x08003044   0x0000000c   Code   RO          182    i.USART2_IRQHandler  stm32f4xx_it.o
    0x08003050   0x08003050   0x00000002   Code   RO          183    i.UsageFault_Handler  stm32f4xx_it.o
    0x08003052   0x08003052   0x00000030   Code   RO         2192    i.__ARM_fpclassify  m_wm.l(fpclassify.o)
    0x08003082   0x08003082   0x00000020   Code   RO         1189    i.__NVIC_SetPriority  stm32f4xx_hal_cortex.o
    0x080030a2   0x080030a2   0x0000000e   Code   RO         2062    i._is_digit         c_w.l(__printf_wp.o)
    0x080030b0   0x080030b0   0x0000004c   Code   RO           15    i.main              main.o
    0x080030fc   0x080030fc   0x00000064   Code   RO          284    i.uart_banner       usart.o
    0x08003160   0x08003160   0x000001c0   Code   RO          285    i.uart_handle_line  usart.o
    0x08003320   0x08003320   0x00000064   Code   RO          286    i.uart_poll         usart.o
    0x08003384   0x08003384   0x00000034   Code   RO          287    i.uart_printf       usart.o
    0x080033b8   0x080033b8   0x00000024   Code   RO          288    i.uart_puts         usart.o
    0x080033dc   0x080033dc   0x0000002c   Code   RO         2175    locale$$code        c_w.l(lc_numeric_c.o)
    0x08003408   0x08003408   0x0000002c   Code   RO         2202    locale$$code        c_w.l(lc_ctype_c.o)
    0x08003434   0x08003434   0x0000000a   Code   RO         2268    x$fpl$fpinit        fz_wm.l(fpinit.o)
    0x0800343e   0x0800343e   0x00000004   Code   RO         2095    x$fpl$printf1       fz_wm.l(printf1.o)
    0x08003442   0x08003442   0x00000004   Code   RO         2097    x$fpl$printf2       fz_wm.l(printf2.o)
    0x08003446   0x08003446   0x00000000   Code   RO         2191    x$fpl$usenofp       fz_wm.l(usenofp.o)
    0x08003446   0x08003446   0x00000010   Data   RO         1944    .constdata          system_stm32f4xx.o
    0x08003456   0x08003456   0x00000008   Data   RO         1945    .constdata          system_stm32f4xx.o
    0x0800345e   0x0800345e   0x00000002   PAD
    0x08003460   0x08003460   0x00000008   Data   RO         2021    .constdata          c_w.l(_printf_wctomb.o)
    0x08003468   0x08003468   0x00000028   Data   RO         2050    .constdata          c_w.l(_printf_hex_int_ll_ptr.o)
    0x08003490   0x08003490   0x00000011   Data   RO         2070    .constdata          c_w.l(__printf_flags_ss_wp.o)
    0x080034a1   0x080034a1   0x00000026   Data   RO         2127    .constdata          c_w.l(_printf_fp_hex.o)
    0x080034c7   0x080034c7   0x00000001   PAD
    0x080034c8   0x080034c8   0x00000094   Data   RO         2150    .constdata          c_w.l(bigflt0.o)
    0x0800355c   0x0800355c   0x00000041   Data   RO          292    .conststring        usart.o
    0x0800359d   0x0800359d   0x00000003   PAD
    0x080035a0   0x080035a0   0x00000020   Data   RO         2326    Region$$Table       anon$$obj.o
    0x080035c0   0x080035c0   0x0000001c   Data   RO         2174    locale$$data        c_w.l(lc_numeric_c.o)
    0x080035dc   0x080035dc   0x00000110   Data   RO         2201    locale$$data        c_w.l(lc_ctype_c.o)


    Execution Region RW_IRAM1 (Exec base: 0x20000000, Load base: 0x080036ec, Size: 0x00000728, Max: 0x00010000, ABSOLUTE)

    Exec Addr    Load Addr    Size         Type   Attr      Idx    E Section Name        Object

    0x20000000   0x080036ec   0x00000020   Data   RW           16    .data               main.o
    0x20000020   0x0800370c   0x00000010   Data   RW          293    .data               usart.o
    0x20000030   0x0800371c   0x0000000c   Data   RW         1348    .data               stm32f4xx_hal.o
    0x2000003c   0x08003728   0x00000004   Data   RW         1946    .data               system_stm32f4xx.o
    0x20000040        -       0x00000088   Zero   RW          291    .bss                usart.o
    0x200000c8        -       0x00000060   Zero   RW         2195    .bss                c_w.l(libspace.o)
    0x20000128        -       0x00000200   Zero   RW            2    HEAP                startup_stm32f401xc.o
    0x20000328        -       0x00000400   Zero   RW            1    STACK               startup_stm32f401xc.o


==============================================================================

Image component sizes


      Code (inc. data)   RO Data    RW Data    ZI Data      Debug   Object Name

        96         10          0          0          0        935   gpio.o
       208         16          0         32          0     386481   main.o
        64         26        404          0       1536        864   startup_stm32f401xc.o
       144         24          0         12          0       8801   stm32f4xx_hal.o
       198         14          0          0          0      33967   stm32f4xx_hal_cortex.o
       182          0          0          0          0       2171   stm32f4xx_hal_dma.o
       506         34          0          0          0       2909   stm32f4xx_hal_gpio.o
        48          6          0          0          0        906   stm32f4xx_hal_msp.o
      1348         76          0          0          0       5404   stm32f4xx_hal_rcc.o
      1656         14          0          0          0      11780   stm32f4xx_hal_uart.o
        32          6          0          0          0       4874   stm32f4xx_it.o
        16          4         24          4          0       1199   system_stm32f4xx.o
      1036        404         65         16        136       6672   usart.o

    ----------------------------------------------------------------------
      5540        634        530         64       1672     466963   Object Totals
         0          0         32          0          0          0   (incl. Generated)
         6          0          5          0          0          0   (incl. Padding)

    ----------------------------------------------------------------------

      Code (inc. data)   RO Data    RW Data    ZI Data      Debug   Library Member Name

         8          0          0          0          0         68   __main.o
       392          4         17          0          0         92   __printf_flags_ss_wp.o
        14          0          0          0          0         68   __printf_wp.o
         0          0          0          0          0          0   __rtentry.o
        12          0          0          0          0          0   __rtentry2.o
         6          0          0          0          0          0   __rtentry4.o
        52          8          0          0          0          0   __scatter.o
        26          0          0          0          0          0   __scatter_copy.o
        28          0          0          0          0          0   __scatter_zi.o
         6          0          0          0          0          0   _printf_a.o
         6          0          0          0          0          0   _printf_c.o
        44          0          0          0          0        108   _printf_char.o
        48          6          0          0          0         96   _printf_char_common.o
        40          0          0          0          0         68   _printf_charcount.o
         6          0          0          0          0          0   _printf_d.o
       120         16          0          0          0         92   _printf_dec.o
         6          0          0          0          0          0   _printf_e.o
         6          0          0          0          0          0   _printf_f.o
      1054          0          0          0          0        216   _printf_fp_dec.o
       764          8         38          0          0        100   _printf_fp_hex.o
       128         16          0          0          0         84   _printf_fp_infnan.o
         6          0          0          0          0          0   _printf_g.o
       148          4         40          0          0        160   _printf_hex_int_ll_ptr.o
         6          0          0          0          0          0   _printf_i.o
       178          0          0          0          0         88   _printf_intcommon.o
        10          0          0          0          0          0   _printf_l.o
         6          0          0          0          0          0   _printf_lc.o
        10          0          0          0          0          0   _printf_ll.o
         6          0          0          0          0          0   _printf_lld.o
         6          0          0          0          0          0   _printf_lli.o
         6          0          0          0          0          0   _printf_llo.o
         6          0          0          0          0          0   _printf_llu.o
         6          0          0          0          0          0   _printf_llx.o
       124         16          0          0          0         92   _printf_longlong_dec.o
         6          0          0          0          0          0   _printf_ls.o
         6          0          0          0          0          0   _printf_n.o
         6          0          0          0          0          0   _printf_o.o
       112         10          0          0          0        124   _printf_oct_int_ll.o
         6          0          0          0          0          0   _printf_p.o
        78          0          0          0          0        108   _printf_pad.o
         0          0          0          0          0          0   _printf_percent.o
         4          0          0          0          0          0   _printf_percent_end.o
         6          0          0          0          0          0   _printf_s.o
        82          0          0          0          0         80   _printf_str.o
        36          0          0          0          0         84   _printf_truncate.o
         6          0          0          0          0          0   _printf_u.o
        44          0          0          0          0        108   _printf_wchar.o
       188          6          8          0          0         92   _printf_wctomb.o
         6          0          0          0          0          0   _printf_x.o
        16          0          0          0          0         68   _snputc.o
        10          0          0          0          0         68   _sputc.o
        64          0          0          0          0         92   _wcrtomb.o
       228          4        148          0          0         96   bigflt0.o
      1936        128          0          0          0        672   btod.o
        18          0          0          0          0         80   exit.o
         6          0          0          0          0        152   heapauxi.o
         0          0          0          0          0          0   indicate_semi.o
        44         10        272          0          0         76   lc_ctype_c.o
        44         10         28          0          0         76   lc_numeric_c.o
         2          0          0          0          0          0   libinit.o
        34          0          0          0          0          0   libinit2.o
         2          0          0          0          0          0   libshutdown.o
         2          0          0          0          0          0   libshutdown2.o
         8          4          0          0         96         68   libspace.o
       138          0          0          0          0         80   lludiv10.o
       238          0          0          0          0        100   lludivv7m.o
        16          4          0          0          0         76   rt_ctype_table.o
         8          4          0          0          0         68   rt_locale_intlibspace.o
        78          0          0          0          0         80   rt_memclr_w.o
       100          0          0          0          0         80   rt_memcpy_w.o
         2          0          0          0          0          0   rtexit.o
        10          0          0          0          0          0   rtexit2.o
       128          0          0          0          0         68   strcmpv7m.o
        62          0          0          0          0         76   strlen.o
       150          0          0          0          0         80   strncmp.o
        12          4          0          0          0         68   sys_exit.o
        74          0          0          0          0         80   sys_stackheap_outer.o
         2          0          0          0          0         68   use_no_semi.o
        52          4          0          0          0         80   vsnprintf.o
        10          0          0          0          0        116   fpinit.o
         4          0          0          0          0        116   printf1.o
         4          0          0          0          0        116   printf2.o
         0          0          0          0          0          0   usenofp.o
        48          0          0          0          0        124   fpclassify.o

    ----------------------------------------------------------------------
      7438        266        552          0         96       4852   Library Totals
        18          0          1          0          0          0   (incl. Padding)

    ----------------------------------------------------------------------

      Code (inc. data)   RO Data    RW Data    ZI Data      Debug   Library Name

      7354        266        551          0         96       4380   c_w.l
        18          0          0          0          0        348   fz_wm.l
        48          0          0          0          0        124   m_wm.l

    ----------------------------------------------------------------------
      7438        266        552          0         96       4852   Library Totals

    ----------------------------------------------------------------------

==============================================================================


      Code (inc. data)   RO Data    RW Data    ZI Data      Debug   

     12978        900       1082         64       1768     464223   Grand Totals
     12978        900       1082         64       1768     464223   ELF Image Totals
     12978        900       1082         64          0          0   ROM Totals

==============================================================================

    Total RO  Size (Code + RO Data)                14060 (  13.73kB)
    Total RW  Size (RW Data + ZI Data)              1832 (   1.79kB)
    Total ROM Size (Code + RO Data + RW Data)      14124 (  13.79kB)

==============================================================================

